@c @mapfile{
@c   author = "Th. Bouche",       
@c   version = "1",
@c   date = "Mon Mar  4 23:03:14 MET 1996",
@c   filename = "skey1555.map",
@c   email = "Thierry.Bouche@ujf-grenoble.fr",
@c   address = "Maths Pures, B.P. 74 F-38402 St-Martin d'Heres (France)",
@c   codetable = "ISO/ASCII",
@c   checksum = "(unknown)",
@c   docstring = "Softkey PostScript fonts such as on Key Fonts Pro 1555 CD."
@c }
kaab8r          BlocSSiBold                             bloc
kabr8r          ArtDecoSSi                              artdeco
kacb7a          CaslonAlternateBlackSSiBold             caslo15
kacb8r          CaslonBlackSSiBold                      caslo7
kacb8x          CaslonProBlackSSiBold                   caslo24
kacbi7a         CaslonAlternateBlackSSiBoldItalic       caslo16
kacbi8r         CaslonBlackSSiBoldItalic                caslo8
kacbi8x         CaslonProBlackSSiBoldItalic             caslo25
kacbiw          CaslonSwashSSiBoldItalic                caslo19
kacr7a          CaslonAlternateSSiRoman                 caslo11
kacr8r          CaslonSSi                               caslo1
kacr8x          CaslonProSSi                            caslo20
kacri7a         CaslonAlternateSSiItalic                caslo12
kacri8r         CaslonSSiItalic                         caslo2
kacri8x         CaslonProSSiItalic                      caslo21
kacriw          CaslonSwashSSiItalic                    caslo17
kacrl8r         CaslonOpenFaceSSi                       caslo9
kacrp           CaslonOrnamentsSSiOrnaments             caslo10
kacs7a          CaslonAlternateSSiSemiBold              caslo13
kacs8r          CaslonSSiSemiBold                       caslo3
kacs8x          CaslonProSSiSemiBold                    caslo22
kacsi7a         CaslonAlternateSSiAlternateSemiBoldItalic       caslo14
kacsi8r         CaslonSSiSemiBoldItalic                 caslo4
kacsi8x         CaslonProSSiSemiBoldItalic              caslo23
kacsiw          CaslonSwashSSiSemiBoldItalic            caslo18
kadb8r          GaramondBlackSSiBold                    gara10
kadb8x          GaramondProBlackSSiBold                 gara33
kadbi8r         GaramondBlackSSiBoldItalic              gara11
kadbi8x         GaramondProBlackSSiBoldItalic           gara34
kadr7a          GaramondAlternateSSi                    gara27
kadr8r          GaramondSSiNormal                       gara1
kadr8x          GaramondProSSi                          gara29
kadrd8r         GaramondTitlingCapsSSi                  gara15
kadri7a         GaramondAlternateSSiItalic              gara28
kadri8r         GaramondSSiItalic                       gara2
kadri8x         GaramondProSSiItalic                    gara30
kads8r          GaramondSSiSemiBold                     gara3
kads8x          GaramondProSSiSemiBold                  gara31
kadsi8r         GaramondSSiSemiBoldItalic               gara4
kadsi8x         GaramondProSSiSemiBoldItalic            gara32
kagb8r          TrendexBlackSSiBold                     tren5
kagb8rc         TrendexCondensedSSiBoldCondensed        tren12
kagbo8r         TrendexBlackSSiBoldItalic               tren6
kagd8r          TrendexSSiSemiBold                      tren3
kagdo8r         TrendexSSiSemiBoldItalic                tren4
kagi8r          TrendexLightSSiExtraLight               tren7
kagio8r         TrendexLightSSiExtraLightItalic         tren8
kagk8r          TrendexSSi                              tren1
kagk8rc         TrendexCondensedSSiCondensed            tren11
kagko8r         TrendexSSiItalic                        tren2
kagm8r          TrendexLightSSiMedium                   tren9
kagm8rc         TrendexLightCondensedSSiMediumCondensed tren13
kagmo8r         TrendexLightSSiMediumItalic             tren10
kamb8r          CountrysideSSiBold                      countr3
kamr8r          CountrysideSSi                          countr1
kamri8r         CountrysideSSiItalic                    countr2
kamx8r          CountrysideBlackSSiExtraBold            countr4
kaob8r          DecadeSSiBold                           deca3
kaob8rc         DecadeCondensedSSiBoldCondensed         deca9
kaoc8r          DecadeLightSSiLight                     deca5
kaoc8rc         DecadeBlackCondensedSSiBlackCondensed   deca10
kaoh8rx         DecadeBlackSSiExtraBlack                deca6
kaohi8rx        DecadeBlackSSiExtraBlackItalic          deca7
kaol8r          DecadeBlackSSiBlack                     deca4
kaor8r          DecadeSSi                               deca1
kaor8rn         DecadeCondensedSSiCondensed             deca8
kaori8r         DecadeSSiItalic                         deca2
karr7a          SpitbolAlternateSSi                     spit2
karr8r          SpitbolSSi                              spit1
katb7a          KeyboardAlternateSSiBoldAlternate       keyb5
katb7ac         KeyboardCondensedAltSSiBoldCondensedAlternate   keyb11
katb8r          KeyboardSSiBold                         keyb2
katb8rc         KeyboardCondensedSSiBoldCondensed       keyb8
katl7a          KeyboardLightAlternateSSiLightAlternate keyb6
katl8r          KeyboardLightSSiLight                   keyb3
katl8rc         KeyboardLightCondensedSSiLightCondensed keyb9
katm7a          KeyboardAlternateSSiMediumAlternate     keyb4
katm8r          KeyboardSSiMedium                       keyb1
katr7ac         KeyboardCondensedAltSSiCondensedAlternate       keyb10
katr8rc         KeyboardCondensedSSiCondensed           keyb7
katrd8r         KeyboardDisplaySSi                      keyb13
kaub8r          PaletteSSiBold                          pale3
kaubi8r         PaletteSSiBoldItalic                    pale4
kauc8r          PaletteBlackSSiBlack                    pale5
kauci8r         PaletteBlackSSiBlackItalic              pale6
kaur8r          PaletteSSi                              pale1
kauri8r         PaletteSSiItalic                        pale2
kavc8r          ExpoBlackSSiBlack                       expo11
kavco8r         ExpoBlackSSiBlackItalic                 expo12
kavh8r          ExpoSSiBold                             expo3
kavho8r         ExpoSSiBoldItalic                       expo4
kavk8r          ExpoBookSSiBook                         expo5
kavko8r         ExpoBookSSiBookItalic                   expo6
kavl8r          ExpoLightSSiLight                       expo9
kavlo8r         ExpoLightSSiLightItalic                 expo10
kavm8r          ExpoBookSSiMedium                       expo7
kavmo8r         ExpoBookSSiMediumItalic                 expo8
kavr8r          ExpoSSi                                 expo1
kavro8r         ExpoSSiItalic                           expo2
kazb8r          ExpressSSiBold                          expr2
kazc8r          ExpressBlackSSiBlack                    expr4
kazl8r          ExpressLightSSiLight                    expr3
kazr8r          ExpressSSi                              expr1
kb0r8r          WantedPosterSSiBlack                    wanted
kb7b8r          MonitorSSiBold                          moni3
kb7bi8r         MonitorSSiBoldItalic                    moni4
kb7r8r          MonitorSSiNormal                        moni1
kb7ri8r         MonitorSSiItalic                        moni2
kb7rn           TourinaSSi                              tour
kb7rw           PetticoatScriptSSi                      petti
kbami8r         GaramondLightSSiMediumItalic            gara9
kbar8r          GaramondSemiExpandedSSiSemiExpanded     gara25
kbari8r         GaramondSemiExpandedSSiBoldSemiExpandedItalic   gara26
kbbb8r          KuriakosBlackSSiBold                    kurio5
kbbbi8r         KuriakosBlackSSiBoldItalic              kurio6
kbbr8r          KuriakosSSi                             kurio1
kbbri8r         KuriakosSSiItalic                       kurio2
kbbs8r          KuriakosSSiSemiBold                     kurio3
kbbsi8r         KuriakosSSiSemiBoldItalic               kurio4
kbbx8r          KuriakosBlackSSiExtraBold               kurio7
kbbxi8r         KuriakosBlackSSiExtraBoldItalic         kurio8
kbdb8r          BodoniSSiBold                           bodo3
kbdb8rc         BodoniCondensedSSiBoldCondensed         bodo11
kbdbi8r         BodoniSSiBoldItalic                     bodo4
kbdc8r          BodoniPosterSSiPosterBold               bodo8
kbdk8r          BodoniBookSSiBook                       bodo10
kbdki8r         BodoniPosterSSiBookItalic               bodo7
kbdp8r          BodoniPosterSSi                         bodo5
kbdp8rp         BodoniPosterCondensedSSiPosterCondensed bodo9
kbdpi8r         BodoniPosterSSiPosterItalic             bodo6
kbdr8r          BodoniSSi                               bodo1
kbdri8r         BodoniSSiItalic                         bodo2
kbgb8r          ExpressDecoSSiBold                      exdec2
kbgk8r          ExpressDecoSSi                          exdec1
kbhb8r          DynameBlackSSiBold                      dyna3
kbhd8r          DynameSSiSemiBold                       dyna2
kbhh8r          DynameBlackSSiExtraBold                 dyna4
kbhl8r          DynameLightSSiLight                     dyna5
kbhm8r          DynameSSi                               dyna1
kbir8r          SentinalSSi                             sentin
kbkb8r          BookmanBlackSSiBold                     bookm5
kbkbi8r         BookmanBlackSSiNormal                   bookm6
kbkd8r          BookmanSSiSemiBold                      bookm3
kbkdi8r         BookmanSSiSemiBoldItalic                bookm4
kbkl8r          BookmanLightSSiLight                    bookm7
kbkli8r         BookmanLightSSiLightItalic              bookm8
kbkm8r          BookmanSSi                              bookm1
kbkmi8r         BookmanSSiItalic                        bookm2
kblb8r          BarristerSSiBold                        barr2
kbll8r          BarristerLightSSiLight                  barr4
kblm8r          BarristerSSi                            barr1
kblr8rc         BarristerCondensedSSiCondensed          barr3
kbrb8r          CortexSSiBold                           cort3
kbrbi8r         CortexSSiBoldItalic                     cort4
kbrr8r          CortexSSi                               cort1
kbrri8r         CortexSSiItalic                         cort2
kbsr8r          PersuasionSSi                           persua
kburw           MotifScriptSSi                          motif
kc2b8r          CaslonTwoSSiBold                        caslo28
kc2c8r          CaslonTwoBlackSSiBlack                  caslo32
kc2ci8r         CaslonTwoBlackSSiBlackItalic            caslo33
kc2k8r          CaslonTwoSSi                            caslo26
kc2ki8r         CaslonTwoSSiItalic                      caslo27
kc2m8r          CaslonTwoMediumSSiMedium                caslo30
kc2mi8r         CaslonTwoMediumSSiMediumItalic          caslo31
kc3r8r          CaslonThreeSSi                          caslo34
kc3ri8r         CaslonThreeSSiItalic                    caslo35
kc5r8r          CaslonFiveSSi                           caslo36
kc5ri8r         CaslonFiveSSiItalic                     caslo37
kcbc8r          CooperSSiBlack                          coop1
kcbci8r         CooperSSiBlackItalic                    coop4
kccrw           OleScriptSSi                            ole1
kcdb8r          IntroitSSiBold                          intro2
kcdl8r          IntroitLightSSiLight                    intro3
kcdr8r          IntroitSSi                              intro1
kceb7d          CenturyRepriseOldStyleSSiBold           cenre11
kceb8r          CenturyRepriseSSiBold                   cenre3
kcebi7d         CenturyRepriseOldStyleSSiBold           cenre12
kcebi8r         CenturyRepriseSSiBoldItalic             cenre4
kcec7d          CenturyRepriseBlackOSSSiBold            cenre13
kceci7d         CenturyRepriseBlackOSSSiNormal          cenre14
kceci8r         CenturyRepriseBlackSSiBlackItalic       cenre6
kcel8r          CenturyRepriseLightSSiLight             cenre7
kcelc8r         CenturyRepriseLightOldStyleSSiLightSmallCaps    cenre15
kceli7d         CenturyRepriseLightOSSSiNormal          cenre16
kceli8r         CenturyRepriseLightSSiLightItalic       cenre8
kcer8r          CenturyRepriseSSi                       cenre1
kcerc8r         CenturyRepriseOldStyleSSiSmallCaps      cenre9
kceri7d         CenturyRepriseOldStyleSSiNormal         cenre10
kceri8r         CenturyRepriseSSiItalic                 cenre2
kcfb8r          ClearfaceSSiBold                        clear3
kcfbi8r         ClearfaceSSiBoldItalic                  clear4
kcfc8r          ClearfaceBlackSSiBlack                  clear7
kcfci8r         ClearfaceBlackSSiBlackItalic            clear8
kcfh8r          ClearfaceBlackSSiExtraBold              clear5
kcfhi8r         ClearfaceBlackSSiExtraBoldItalic        clear6
kcfr8r          ClearfaceSSi                            clear1
kcfri8r         ClearfaceSSiItalic                      clear2
kcgb8r          SenatusSSiBold                          senat2
kcgr8r          SenatusSSi                              senat1
kcib8r          MatiqueSSiBold                          matiq2
kcir8r          MatiqueSSi                              matiq1
kcob8r          ThesisSSiBold                           thes3
kcobi8r         ThesisSSiBoldItalic                     thes4
kcor8r          ThesisSSi                               thes1
kcori8r         ThesisSSiItalic                         thes2
kcpb8r          CopperplateSSiBold                      coper2
kcpb8rc         CopperplateCondensedSSiBoldCondensed    coper5
kcpb8ro         CopperplateExtraCondensedSSiBoldExtraCondensed  coper8
kcpl8r          CopperplateLightSSiLight                coper3
kcpl8rc         CopperplateLightCondensedSSiLightCondensed      coper6
kcpr8r          CopperplateSSi                          coper1
kcpr8rc         CopperplateCondensedSSiCondensed        coper4
kcpr8ro         CopperplateExtraCondensedSSiExtraCondensed      coper7
kcpx8rc         CopperplateBlackCondensedSSiBlackCondensed      coper9
kcqr            ChessSSi                                chess
kcsb8r          CenturySchoolbookSSiBold                censch3
kcsbi8r         CenturySchoolbookSSiBoldItalic          censch4
kcsr8r          CenturySchoolbookSSi                    censch1
kcsri8r         CenturySchoolbookSSiItalic              censch2
kctb8r          CheltenhamSSiBold                       chel3
kctb8rc         CheltenhamCondensedSSiBoldCondensed     chel11
kctbi8r         CheltenhamSSiBoldItalic                 chel4
kctbi8rc        CheltenhamCondensedSSiBoldCondensedItalic       chel12
kctk8r          CheltenhamSSi                           chel1
kctk8rc         CheltenhamCondensedSSiCondensed         chel9
kctki8r         CheltenhamSSiItalic                     chel2
kctki8rc        CheltenhamCondensedSSiCondensedItalic   chel10
kctl8r          CheltenhamLightSSiLight                 chel5
kctl8rc         CheltenhamLightCondensedSSiLightCondensed       chel13
kctli8r         CheltenhamLightSSiLightItalic           chel6
kctli8rc        CheltenhamLightCondensedSSiLightCondensedItalic chel14
kctu8r          CheltenhamBlackSSiBlack                 chel7
kctu8rc         CheltenhamBlackCondensedSSiBlackCondensed       chel15
kctui8r         CheltenhamBlackSSiBlackItalic           chel8
kctui8rc        CheltenhamBlackCondensedSSiBlackCondensedItalic chel16
kcub8r          CenturyRetrospectiveBlackSSiBold        cenret4
kcur8r          CenturyRetrospectiveSSi                 cenret1
kcuri8r         CenturyRetrospectiveSSiItalic           cenret2
kcwr8r          AlamoSSi                                alamo
kcxb8r          GrammateusSSiBold                       gram3
kcxbi8r         GrammateusSSiBoldItalic                 gram4
kcxk8r          GrammateusSSi                           gram1
kcxki8r         GrammateusSSiItalic                     gram2
kcxl8r          GrammateusLightSSiLight                 gram5
kcxli8r         GrammateusLightSSiLightItalic           gram6
kczr8r          MarkerBoardDisplaySSi                   marker
kdcr8r          BangaSSi                                banga
kdrb8r          ExtensSSiBold                           extens
kegb7d          DeutchGaramondOldStyleSSiBold           garad7
kegb8r          DeutchGaramondSSiBold                   garad3
kegbi7d         DeutchGaramondOldStyleSSiBold           garad8
kegbi8r         DeutchGaramondSSiBoldItalic             garad4
kegr8r          DeutchGaramondSSi                       garad1
kegrc8r         DeutchGaramondOldStyleSSiSmallCaps      garad5
kegri7d         DeutchGaramondOldStyleSSiNormal         garad6
kegri8r         DeutchGaramondSSiItalic                 garad2
kehr8r          ReductoCondensedSSiCondensed            redu4
kerb8r          SpeedoBlackSSiBold                      spe3
kerd8r          SpeedoSSiSemiBold                       spe2
kerk8r          SpeedoSSi                               spe1
kerl8r          SpeedoLightSSiLight                     spe9
kerm8r          SpeedoBookSSiMedium                     spe7
keru8r          SpeedoUltraSSiBlack                     spe5
kesb8r          PalindromeBlackSSiBold                  pali5
kesb8rc         PalindromeCondensedSSiBoldCondensed     pali8
kesb8rx         PalindromeExpandedSSiBoldExpanded       pali10
kesbo8r         PalindromeBlackSSiBoldItalic            pali6
kesd8r          PalindromeSSiSemiBold                   pali3
kesdo8r         PalindromeSSiSemiBoldItalic             pali4
kesr8r          PalindromeSSi                           pali1
kesr8rc         PalindromeCondensedSSiCondensed         pali7
kesr8rx         PalindromeExpandedSSiExpanded           pali9
kesro8r         PalindromeSSiItalic                     pali2
kexb8r          CentricSSiBold                          centr3
kexli8r         CentricLightSSiLightItalic              centr4
kexr8r          CentricSSi                              centr1
kfgd8r          FranklinGothicSSiSemiBold               frgo4
kfgdo8r         FranklinGothicSSiSemiBoldItalic         frgo5
kfgh8r          FranklinGothicBlackSSiBlack             frgo12
kfghi8r         FranklinGothicBlackSSiBlackItalic       frgo13
kfgk8r          FranklinGothicSSiBook                   frgo2
kfgko8r         FranklinGothicSSiBookItalic             frgo3
kfgr8rc         FranklinGothicCondensedSSiCondensed     frgo14
kfgr8rq         FranklinGothicExtraCondensedSSiExtraCondensed   frgo15
kfnb8r          CompendiumSSiBold                       compe3
kfnbo8r         CompendiumSSiBoldItalic                 compe4
kfnl8r          CompendiumLightSSiLight                 compe5
kfnlo8r         CompendiumLightSSiLightItalic           compe6
kfnr8r          CompendiumSSi                           compe1
kfnro8r         CompendiumSSiItalic                     compe2
kfnu8r          CompendiumBlackSSiBlack                 compe7
kfnuo8r         CompendiumBlackSSiBlackItalic           compe8
kfob8r          LayoutSSiBold                           lay2
kfob8rc         LayoutCondensedSSiBoldCondensed         lay5
kfol8r          LayoutLightSSiLight                     lay4
kfom8r          LayoutSSi                               lay1
kfox8r          LayoutBlackSSiBlack                     lay3
kfqb8r          MusterSSiBold                           must2
kfqr8r          MusterSSi                               must1
kfrb8r          PalmaSSiBold                            palm3
kfrbi8r         PalmaSSiBoldItalic                      palm4
kfrc8r          PalmaBlackSSiBlack                      palm5
kfrl8r          PalmaLightSSiLight                      palm8
kfrli8r         PalmaLightSSiLightItalic                palm9
kfrr8r          PalmaSSi                                palm1
kfrri8r         PalmaSSiItalic                          palm2
kfru8r          PalmaBlackSSiExtraBlack                 palm7
kfsrw           NanoScriptSSi                           nano
kftrf8r         BaubleSSiBlack                          bauble
kfub8r          KudosSSiBold                            kudo3
kfub8rc         KudosBlackCondensedSSiBoldCondensed     kudo19
kfubo8r         KudosSSiBoldItalic                      kudo4
kfubo8rc        KudosBlackCondensedSSiBoldCondensedItalic       kudo20
kfuc8r          KudosPosterSSiPoster                    kudo12
kfuh8r          KudosBlackSSiBlack                      kudo8
kfuho8r         KudosBlackSSiBlackItalic                kudo9
kfuk8r          KudosBookSSiBook                        kudo13
kfuko8r         KudosBookSSiBookItalic                  kudo14
kful8r          KudosLightSSiLight                      kudo10
kful8rc         KudosLightCondensedSSiLightCondensed            kudo25
kfulo8r         KudosLightSSiLightItalic                kudo11
kfulo8rc        KudosLightCondensedSSiLightCondensedItalic      kudo26
kfur8r          KudosSSi                                kudo1
kfur8rc         KudosCondensedSSiCondensed              kudo15
kfuro8r         KudosSSiItalic                          kudo2
kfuro8rc        KudosCondensedSSiCondensedItalic        kudo16
kfux8r          KudosBlackSSiExtraBold                  kudo6
kfux8rc         KudosBlackCondensedSSiExtraBoldCondensed        kudo21
kfuxo8r         KudosBlackSSiExtraBoldItalic            kudo7
kg3b8r          GaramondRepriseSSiBold                  gare3
kg3bc8r         GaramondRepriseOldStyleSSiBoldSmallCaps gare7
kg3bi7d         GaramondRepriseOldStyleSSiBold          gare8
kg3bi8r         GaramondRepriseSSiBoldItalic            gare4
kg3r8r          GaramondRepriseSSi                      gare1
kg3rc8r         GaramondRepriseOldStyleSSiSmallCaps     gare5
kg3ri7d         GaramondRepriseOldStyleSSiNormal        gare6
kg3ri8r         GaramondRepriseSSiItalic                gare2
kggb8r          AxiomaticSSiBold                        ax3
kggbi8r         AxiomaticSSiBoldItalic                  ax4
kggbr8rc        AxiomaticCondensedSSiBoldCondensed      ax8
kggc8r          AxiomaticBlackSSiBlack                  ax6
kggr8r          AxiomaticSSi                            ax1
kggr8rc         AxiomaticCondensedSSiCondensed          ax7
kggri8r         AxiomaticSSiItalic                      ax2
kggx8r          AxiomaticBlackSSiExtraBold              ax5
kgjb7d          TiascoOldStyleSSiBoldOldStyleFigures    tia6
kgjb8r          TiascoSSiBold                           tia3
kgjr8r          TiascoSSi                               tia1
kgjrc8r         TiascoOldStyleSSiSmallCaps              tia4
kgjri7d         TiascoOldStyleSSiItalicOldStyleFigures  tia5
kgjri8r         TiascoSSiItalic                         tia2
kglb8r          AcanthusSSiBold                         acan3
kglbi8r         AcanthusSSiBoldItalic                   acan4
kglc8r          AcanthusBlackSSiBlack                   acan5
kglci8r         AcanthusBlackSSiBlackItalic             acan6
kglr8r          AcanthusSSi                             acan1
kglri8r         AcanthusSSiItalic                       acan2
kglu8r          AcanthusBlackSSiExtraBlack              acan7
kglui8r         AcanthusBlackSSiBlackItalic             acan8
kgmb8r          GaramondBlackSSiBlack                   gara12
kgmb8rc         GaramondBlackCondensedSSiBoldCondensed  gara18
kgmbi8r         GaramondBlackSSiBlackItalic             gara13
kgmbi8rc        GaramondBlackCondensedSSiBoldCondensedItalic    gara19
kgmk8r          GaramondBookSSiBook                     gara5
kgmk8rc         GaramondBookCondensedSSiBookCondensed   gara16
kgmki8r         GaramondBookSSiBookItalic               gara6
kgmki8rc        GaramondCondensedSSiBookCondensedItalic gara17
kgml8r          GaramondLightSSiLight                   gara7
kgml8rc         GaramondLightCondensedSSiLightCondensed         gara23
kgmli8r         GaramondLightSSiLightItalic             gara8
kgmli8rc        GaramondLightCondensedSSiLightCondensedItalic   gara24
kgmu8r          GaramondExtraBlackSSiExtraBlack         gara14
kgmu8rc         GaramondExBlackCondensedSSiExtraBlackCondensed  gara22
kgmui8rc        GaramondBlackCondensedSSiBlackCondensedItalic   gara21
kgob8r          GoudyRetrospectiveSSiBold               gour3
kgor8r          GoudyRetrospectiveSSi                   gour1
kgori8r         GoudyRetrospectiveSSiItalic             gour2
kgpa8r          InstallationLightSSiThin                inst7
kgpao8r         InstallationLightSSiThinItalic          inst8
kgpb8r          InstallationSSiBold                     inst3
kgpbo8r         InstallationSSiBoldItalic               inst4
kgpc8r          InstallationBlackSSiBlack               inst5
kgpco8r         InstallationBlackSSiBlackItalic         inst6
kgpl8r          InstallationLightSSiLight               inst9
kgplo8r         InstallationLightSSiLightItalic         inst10
kgpr8r          InstallationSSi                         inst1
kgpro8r         InstallationSSiItalic                   inst2
kgsb8r          GillSSiBold                             gill3
kgsb8rc         GillCondensedSSiBoldCondensed           gill10
kgsbi8r         GillSSiBoldItalic                       gill4
kgsl8r          GillLightSSiLight                       gill7
kgsli8r         GillLightSSiLightItalic                 gill8
kgsr8r          GillSSi                                 gill1
kgsr8rc         GillCondensedSSiCondensed               gill9
kgsri8r         GillSSiItalic                           gill2
kgsu8r          GillBlackSSiBlack                       gill6
kgsu8rc         GillBlackCondensedSSiBlackCondensed     gill11
kgsx8r          GillBlackSSiExtraBold                   gill5
khbr8r          BoffoSSi                                bof
khcr8r          SpartaSSi                               sparta
khgb8r          GlossarySSiBold                         glo3
khgbi8r         GlossarySSiBoldItalic                   glo4
khgc8r          GlossaryBlackSSiBlack                   glo7
khgci8r         GlossaryBlackSSiBlackItalic             glo8
khgk8r          GlossarySSi                             glo1
khgki8r         GlossarySSiItalic                       glo2
khgm8r          GlossaryMediumSSiMedium                 glo5
khgmi8r         GlossaryMediumSSiMediumItalic           glo6
khir8r          ContextInseratSSi                       con12
khmb8r          MemoScriptSSi                           memo
khmr8r          AirfoilScriptSSi                        airfoil
khna8r          ContextRepriseThinSSiThin               conre15
khna8rc         ContextRepriseThinCondSSiNormal         conre33
khna8rx         ContextRepriseThinExpSSiNormal          conre49
khnao8r         ContextRepriseThinSSiThinItalic         conre16
khnao8rc        ContextRepriseThinCondSSiNormal         conre34
khnao8rx        ContextRepriseThinExpSSiNormal          conre50
khnb8r          ContextRepriseSSiBold                   conre3
khnb8rc         ContextRepriseCondensedSSiBoldCondensed conre19
khnb8rx         ContextRepriseExpandedSSiBoldExpanded   conre37
khnbo8r         ContextRepriseSSiBoldItalic             conre4
khnbo8rc        ContextRepriseCondensedSSiBoldCondensedItalic   conre20
khnbo8rx        ContextRepriseExpandedSSiBoldExpandedItalic     conre38
khnc8r          ContextRepriseBlackSSiBlack             conre7
khnc8rc         ContextRepriseBlackCondSSiBold          conre23
khnc8rx         ContextRepriseBlackExpSSiBold           conre41
khnco8r         ContextRepriseBlackSSiBlackItalic       conre6
khnco8rc        ContextRepriseBlackCondSSiBlackCondensedItalic  conre24
khnco8rx        ContextRepriseBlackExpSSiBold           conre42
khnh8r          ContextRepriseBlackSSiExtraBold         conre5
khnh8rc         ContextRepriseBlackCondSSiNormal        conre21
khnh8rx         ContextRepriseBlackExpSSiNormal         conre39
khnho8rc        ContextRepriseBlackCondSSiNormal        conre22
khnho8rx        ContextRepriseBlackExpSSiNormal         conre40
khnj8r          ContextRepriseLightSSiExtraLight        conre11
khnj8rc         ContextRepriseLightCondSSiNormal        conre31
khnj8rx         ContextRepriseLightExpSSiNormal         conre47
khnjo8r         ContextRepriseLightSSiExtraLightItalic  conre12
khnjo8rc        ContextRepriseLightCondSSiNormal        conre32
khnjo8rx        ContextRepriseLightExpSSiNormal         conre48
khnl8r          ContextRepriseLightSSiLight             conre13
khnl8rc         ContextRepriseLightCondSSiBold          conre29
khnl8rx         ContextRepriseLightExpSSiBold           conre45
khnlo8r         ContextRepriseLightSSiLightItalic       conre14
khnlo8rc        ContextRepriseLightCondSSiBold          conre30
khnlo8rx        ContextRepriseLightExpSSiBold           conre46
khnm8r          ContextRepriseMediumSSiMedium           conre9
khnm8rc         ContextRepriseMediumCondSSiNormal       conre27
khnm8rx         ContextRepriseMediumExpSSiNormal        conre43
khnmo8r         ContextRepriseMediumSSiMediumItalic     conre10
khnmo8rc        ContextRepriseMediumCondSSiNormal       conre28
khnmo8rx        ContextRepriseMediumExpSSiNormal        conre44
khnr8r          ContextRepriseSSi                       conre1
khnr8rc         ContextRepriseCondensedSSiCondensed     conre17
khnr8rx         ContextRepriseExpandedSSiExpanded       conre35
khnro8r         ContextRepriseSSiItalic                 conre2
khnro8rc        ContextRepriseCondensedSSiCondensedItalic       conre18
khnro8rx        ContextRepriseExpandedSSiExpandedItalic conre36
khnx8r          ContextRepriseExtraBlackSSiExtraBlack   conre8
khnx8rc         ContextRepriseUltraCondSSiNormal        conre25
khnxo8rc        ContextRepriseUltraCondSSiNormal        conre26
khrb8r          ContextRoundedSSiBold                   conro1
khrb8rc         ContextRoundedCondensedSSiBoldCondensed conro5
khrbo8r         ContextRoundedSSiBoldItalic             conro2
khrbo8rc        ContextRoundedCondensedSSiNormal        conro6
khrc8r          ContextRoundedBlackSSiBlack             conro3
khrco8r         ContextRoundedBlackSSiBlackItalic       conro4
khvb7f          ContextFractionsSSiFractionsBold        con11
khvb8r          ContextSSiBold                          con3
khvb8rc         ContextCondensedSSiBoldCondensed        con15
khvb8rn         ContextUltraCondensedSSiBoldUltraCondensed      con27
khvb8rp         ContextExtraCondensedSSiBoldExtraCondensed      con24
khvbo8r         ContextSSiBoldItalic                    con4
khvbo8rc        ContextCondensedSSiBoldCondensedItalic  con16
khvbo8rn        ContextExtraCondensedSSiBoldExtraCondensedItalic        con25
khvc8r          ContextBlackSSiBlack                    con8
khvc8rc         ContextBlackCondensedSSiBlackCondensed  con19
khvco8r         ContextBlackSSiBlackItalic              con9
khvco8rc        ContextBlackCondensedSSiBlackCondensedItalic    con20
khvj8r          ContextLightSSiNormal                   con7
khvl8r          ContextLightSSiLight                    con5
khvl8rc         ContextLightCondensedSSiLightCondensed  con17
khvlo8r         ContextLightSSiLightItalic              con6
khvlo8rc        ContextLightCondensedSSiLightCondensedItalic    con18
khvr7f          ContextFractionsSSiFractions            con10
khvr8r          ContextSSi                              con1
khvr8rc         ContextCondensedSSiCondensed            con13
khvr8rn         ContextSemiCondensedSSiSemiCondensed            con21
khvr8rq         ContextExtraCondensedSSiExtraCondensed          con22
khvr8ru         ContextUltraCondensedSSiUltraCondensed          con26
khvro8r         ContextSSiItalic                        con2
khvro8rc        ContextCondensedSSiCondensedItalic      con14
khvro8rn        ContextExtraCondensedSSiExtraCondensedItalic    con23
ki0rw           JournalScriptSSi                        jour
kiar7a          KernelAlternateSSiAlternate             ker2
kiar8r          KernelSSi                               ker1
kicr8r          ShortHaulSSi                            short
kigb8r          FlorentineGaramondSSiBold               garaf3
kigr8r          FlorentineGaramondSSi                   garaf1
kigri8r         FlorentineGaramondSSiItalic             garaf2
kilb8r          MonologueSSiBold                        mono3
kilbc8r         MonologueCapsSSiBoldSmallCaps           mono11
kilbci8r        MonologueCapsSSiBoldItalicSmallCaps     mono12
kilbi8r         MonologueSSiBoldItalic                  mono4
kilh8r          MonologueBlackSSiBlack                  mono5
kilhc8r         MonologueBlackCapsSSiBlackSmallCaps     mono13
kilhci8r        MonologueBlackCapsSSiNormal             mono14
kilhi8r         MonologueBlackSSiBlackItalic            mono6
kill8r          MonologueLightSSiLight                  mono7
killc8r         MonologueLightCapsSSiLightSmallCaps     mono15
killci8r        MonologueLightCapsSSiNormal             mono16
killi8r         MonologueLightSSiLightItalic            mono8
kilr8r          MonologueSSi                            mono1
kilrc8r         MonologueCapsSSiSmallCaps               mono9
kilrci8r        MonologueCapsSSiItalicSmallCaps         mono10
kilri8r         MonologueSSiItalic                      mono2
kinr8r          AssemblySSi                             ass1
kinra7a         AssemblySSiAlternate                    ass2
kinrh8r         AssemblyOutlineSSi                      ass3
kinrha7a        AssemblyOutlineSSiAlternate             ass4
kipb8r          ClassicSSiBold                          cla3
kipr8r          ClassicSSi                              cla1
kipri8r         ClassicSSiItalic                        cla2
kitb8r          EnsembleSSiBold                         ens2
kitk8r          EnsembleSSi                             ens1
kitm8r          EnsembleMediumSSiMedium                 ens3
kiwr8r          CantinaSSi                              cant1
kiwr8rx         CantinaExpandedSSiSemiExpanded          cant2
kjnb7d          JansonOldStyleSSiBoldOldstyleFigures    jan7
kjnb8r          JansonSSiBold                           jan3
kjnbi7d         JansonOldStyleSSiBold                   jan8
kjnbi8r         JansonSSiBoldItalic                     jan4
kjnr8r          JansonSSi                               jan1
kjnrc8r         JansonOldStyleSSiSmallCaps              jan5
kjnri7d         JansonOldStyleSSiItalicOldstyleFigures  jan6
kjnri8r         JansonSSiItalic                         jan2
kjpb8r          HubbubSSiBold                           hub2
kjpr8r          HubbubSSi                               hub1
kkbc8r          PerformaBlackSSiBlack                   perf5
kkbd8r          PerformaBookSSiSemiBold                 perf4
kkbh8r          PerformaSSiBold                         perf2
kkbk8r          PerformaBookSSiBook                     perf3
kkbm8r          PerformaSSiMedium                       perf1
kkbrl8r         PerformaOutlineSSiOutline               perf6
kkrb8r          IntuitionSSiBold                        intu3
kkrbi8r         IntuitionSSiBoldItalic                  intu4
kkrr8r          IntuitionSSi                            intu1
kkrri8r         IntuitionSSiItalic                      intu2
kksb8r          QuillScriptSSiBold                      quil2
kksc8r          QuillScriptBlackSSiBlack                quil3
kksm8r          QuillScriptSSi                          quil1
kkub8r          ProseScriptSSiBold                      pros2
kkur8r          ProseScriptSSi                          pros1
klbd8r          TorrentGraphicSSiSemiBold               tor3
klbdo8r         TorrentGraphicSSiSemiBoldItalic         tor4
klbk8r          TorrentGraphicSSi                       tor1
klbko8r         TorrentGraphicSSiItalic                 tor2
klcb8r          InsightSSiBold                          insi3
klcbi8r         InsightSSiBoldItalic                    insi4
klcbs8r         InsightSansSSiBold                      insis3
klcbsi8r        InsightSansSSiBoldItalic                insis4
klcr8r          InsightSSi                              insi1
klcri8r         InsightSSiItalic                        insi2
klcrm           InsightMathSSiItalic                    insim4
klcrs8r         InsightSansSSi                          insis1
klcrsi8r        InsightSansSSiItalic                    insis2
klcrv           InsightMathExtensionSSiExtension        insim1
klcry           InsightMathSymbolSSiSymbol              insim3
klfb8r          ResourceSSiBold                         res3
klfr8r          ResourceSSi                             res1
klfri8r         ResourceSSiItalic                       res2
klgb8r          MicrofineSSiBold                        micro3
klgbo8r         MicrofineSSiBoldItalic                  micro4
klgr8r          MicrofineSSiNormal                      micro1
klgro8r         MicrofineSSiItalic                      micro2
klnr8r          ClerestorySSi                           clere
klnrw           MonasteryScriptSSi                      mona
klob8r          AustereSSiBold                          aus2
kloc8r          AustereBlackSSiBlack                    aus5
kloi8r          AustereLightSSiExtraLight               aus3
klol8r          AustereLightSSiLight                    aus4
klor8r          AustereSSi                              aus1
klwb8r          AdvisorSSiBold                          adv2
klwc8r          AdvisorMediumSSiMedium                  adv6
klwci8r         AdvisorBlackSSiBlackItalic              adv7
klwk8r          AdvisorSSi                              adv1
klwki8r         AdvisorMediumSSiMediumItalic            adv3
klwm8r          AdvisorBlackSSiBlack                    adv4
klwmi8r         AdvisorSSiItalic                        adv5
km6r8r          ReductoSSi                              redu1
kmdb8r          CoherentSSiBold                         coh3
kmdbi8r         CoherentSSiBoldItalic                   coh4
kmdm8r          CoherentMediumSSiMedium                 coh5
kmdmi8r         CoherentMediumSSiMediumItalic           coh6
kmdr8r          CoherentSSi                             coh1
kmdri8r         CoherentSSiItalic                       coh2
kmhb8r          AutomatonCapsSSi                        aut1
kmhr8r          AutomatonCapsLightSSiLight              aut2
kmlb8r          ProtocolSSiBold                         prot3
kmlbi8r         ProtocolSSiBoldItalic                   prot4
kmlr8r          ProtocolSSi                             prot1
kmlri8r         ProtocolSSiItalic                       prot2
kmnb8r          AtlantixBlackSSiBold                    atl5
kmnb8x          AtlantixProBlackSSiBold                 atl20
kmnbi8r         AtlantixBlackSSiBoldItalic              atl6
kmnbi8x         AtlantixProBlackSSiBoldItalic           atl21
kmnc8r          AtlantixBlackSSiBlack                   atl7
kmnc8x          AtlantixProBlackSSiBlack                atl22
kmnr8r          AtlantixSSi                             atl1
kmnr8x          AtlantixProSSi                          atl16
kmnrd8r         AtlantixDisplaySSiDisplayRegular        atl8
kmnrd8x         AtlantixProDisplaySSiDisplayRegular     atl14
kmnrdi8r        AtlantixDisplaySSiDisplayItalic         atl9
kmnrdi8x        AtlantixProDisplaySSiDisplayItalic      atl15
kmnrdiw         AtlantixSwashDisplaySSiDisplayItalic    atl13
kmnri8r         AtlantixSSiItalic                       atl2
kmnri8x         AtlantixProSSiItalic                    atl17
kmnriw          AtlantixSwashSSiItalic                  atl11
kmnrp           AtlantixOrnamentsSSi                    atl10
kmns8r          AtlantixSSiSemiBold                     atl3
kmns8x          AtlantixProSSiSemiBold                  atl18
kmnsi8r         AtlantixSSiSemiBoldItalic               atl4
kmnsi8x         AtlantixProSSiSemiBoldItalic            atl19
kmnsiw          AtlantixSwashSSiSemiBoldItalic          atl12
kmpb8r          JaakSSiBold                             jaa3
kmpbi8r         JaakSSiBoldItalic                       jaa4
kmpl8r          JaakLightSSiLight                       jaa5
kmpli8r         JaakLightSSiLightItalic                 jaa6
kmpm8r          JaakSSiMedium                           jaa1
kmpmi8r         JaakSSiItalic                           jaa2
kmpx8r          JaakBlackSSiExtraBold                   jaa7
kmqr8r          PlugSSi                                 plug
kmsr8r          WaifSSi                                 waif
kmtb8r          ClericSSiBold                           cleri3
kmtbi8r         ClericSSiBoldItalic                     cleri4
kmtc8r          ClericBlackSSiBlack                     cleri5
kmtci8r         ClericBlackSSiBlackItalic               cleri6
kmtk8r          ClericSSi                               cleri1
kmtki8r         ClericSSiItalic                         cleri2
kmtl8r          ClericLightSSiLight                     cleri7
kmtli8r         ClericLightSSiLightItalic               cleri8
kmxr8r          IngenioSSi                              ingen
knab8r          OrchidBlackSSiBold                      orc5
knabi8r         OrchidBlackSSiBoldItalic                orc6
knac8r          OrchidBlackSSiBlack                     orc7
knaci8r         OrchidBlackSSiBlackItalic               orc8
knar8r          OrchidSSi                               orc1
knari8r         OrchidSSiItalic                         orc2
knas8r          OrchidSSiSemiBold                       orc3
knasi8r         OrchidSSiSemiBoldItalic                 orc4
knbb8r          BaskervilleBlackSSiBold                 bask7
knbbc8r         BaskervilleSmallCapsSSiBoldSmallCaps    bask10
knbbi7d         BaskervilleOldStyleSSiBold              bask12
knbbi8r         BaskervilleBlackSSiBoldItalic           bask8
knbr8r          BaskervilleSSi                          bask1
knbrc8r         BaskervilleSmallCapsSSiSmallCaps        bask9
knbri7d         BaskervilleOldStyleSSiNormal            bask11
knbri8r         BaskervilleSSiItalic                    bask2
kncb7f          CenturySchoolbookRepriseFractionsSSiFractionsBold       censr6
kncb8r          CenturySchoolbookRepriseSSiBold         censr3
kncbi8r         CenturySchoolbookRepriseSSiBoldItalic   censr4
kncr7f          CenturySchoolbookRepriseFractionsSSiFractions           censr5
kncr8r          CenturySchoolbookRepriseSSi             censr1
kncri8r         CenturySchoolbookRepriseSSiItalic       censr2
kndb8r          TycoonBlackSSiBold                      tyc5
kndbi7d         TycoonSSiBoldItalicOldStyleFigures      tyc12
kndbi8r         TycoonBlackSSiBoldItalic                tyc6
kndc8r          TycoonBlackSSiBlack                     tyc7
kndci8r         TycoonBlackSSiBlackItalic               tyc8
kndr8r          TycoonSSi                               tyc1
kndrc8r         TycoonOldStyleSSiSmallCaps              tyc9
kndri7d         TycoonOldStyleSSiItalicOldStyleFigures  tyc10
kndri8r         TycoonSSiItalic                         tyc2
knds8r          TycoonSSiSemiBold                       tyc3
kndsi8r         TycoonSSiSemiBoldItalic                 tyc4
knfli8r         ConquistaLightSSiLightItalic            conq3
knfm8r          ConquistaSSi                            conq1
knfmi8r         ConquistaSSiItalic                      conq2
kngb8r          MacroSSiBold                            macr3
kngbo8r         MacroSSiBoldItalic                      macr4
kngr8r          MacroSSi                                macr1
kngro8r         MacroSSiItalic                          macr2
knsb8r          GrecoRecutSSiBold                       grere3
knsbi8r         GrecoRecutSSiBoldItalic                 grere4
knsr8r          GrecoRecutSSi                           grere1
knsri8r         GrecoRecutSSiItalic                     grere2
knurw           UnicornScriptSSi                        unic
knvb8r          TridentSSiBold                          tri3
knvbi8r         TridentSSiBoldItalic                    tri4
knvk8r          TridentSSi                              tri1
knvki8r         TridentSSiItalic                        tri2
knvm8r          TridentMediumSSiMedium                  tri5
knvmi8r         TridentMediumSSiMediumItalic            tri6
knvu8r          TridentBlackSSiBlack                    tri7
knzh8r          ParallaxSSiBold                         para2
knzk8r          ParallaxSSi                             para1
ko7r8r          PartitionSSi                            part1
ko7rc8r         PartitionOldStyleSSiSmallCaps           part3
ko7ri7d         PartitionOldStyleSSiNormal              part4
ko7ri8r         PartitionSSiItalic                      part2
koar8r          OCR1SSi                                 ocr1
kobr8r          OCR2SSi                                 ocr2
kocb8r          InformaticsSSiBold                      info3
kocbi8r         InformaticsSSiBoldItalic                info4
kocr8r          InformaticsSSi                          info1
kocri8r         InformaticsSSiItalic                    info2
komr8r          MacedonSSi                              maced
konb8r          LockupSSiBold                           lock3
konr8r          LockupSSi                               lock1
konri8r         LockupSSiItalic                         lock2
kopb8r          InterfaceSSiBold                        inte3
kopbo8r         InterfaceSSiBoldItalic                  inte4
kopr8r          InterfaceSSi                            inte1
kopro8r         InterfaceSSiItalic                      inte2
korr8r          ScribeSSiSmallCaps                      scri1
korro8r         ScribeSSiItalicSmallCaps                scri2
kotr8r          CoronetScriptSSiNormal                  coron1
kotri8r         CoronetScriptSSiItalic                  coron2
koyb8r          SterlingSSiBold                         ster3
koybi8r         SterlingSSiBoldItalic                   ster4
koyr8r          SterlingSSi                             ster1
koyri8r         SterlingSSiItalic                       ster2
kp0r8r          SlotSSiBlack                            slot
kpar8r          UpscaleScriptSSi                        upsca
kpcri8r         ScriptoriaSSi                           scrip3
kpcri8x         ScriptoriaProSSi                        scrip7
kpeb8r          KeyboardEliteSSiBold                    keyel3
kpebo8r         KeyboardEliteSSiBoldItalic              keyel4
kper8r          KeyboardEliteSSi                        keyel1
kpero8r         KeyboardEliteSSiItalic                  keyel2
kpgb8r          CremeBlackSSiBold                       crem3
kpgd8r          CremeSSiSemiBold                        crem2
kpgl8r          CremeSSiLight                           crem1
kpi001          InFractionSSi                           infra
kpi002          FormatPiOneSSi                          form1
kpi003          FormatPiTwoSSi                          form2
kpi004          FormatPiThreeSSi                        form3
kpi005          AbacusOneSSi                            aba1
kpi006          AbacusTwoSSi                            aba2
kpi007          AbacusThreeSSi                          aba3
kpi008          AbacusFourSSi                           aba4
kpi020          QuantaPiThreeSSi                        qua3
kpi021          QuantaPiSixSSi                          qua6
kpi022          QuantaPiFiveSSi                         qua5
kpi023          QuantaPiTwoSSi                          qua2
kpi024          QuantaPiOneSSi                          qua1
kpi025          QuantaPiFourSSi                         qua4
kpi026          WoodcutOrnamentsOneSSi                  wood1
kpi027          WoodcutOrnamentsTwoSSi                  wood2
kplb7d          CriteriaOldStyleSSiBoldOldStyleFigures  crit7
kplb8r          CriteriaSSiBold                         crit3
kplbi7d         CriteriaSSiBoldItalicOldStyleFigures    crit8
kplbi8r         CriteriaSSiBoldItalic                   crit4
kplr8r          CriteriaSSi                             crit1
kplrc8r         CriteriaOldStyleSSiSmallCaps            crit5
kplri7d         CriteriaOldStyleSSiNormal               crit6
kplri8r         CriteriaSSiItalic                       crit2
kpmicr          MICRSSi                                 micr
kpnb8r          TerminusBlackSSiBold                    ter5
kpnb8rc         TerminusBlackCondensedSSiBoldCondensed  ter9
kpnbi8r         TerminusBlackSSiBoldItalic              ter6
kpnl8r          TerminusLightSSiLight                   ter7
kpnli8r         TerminusLightSSiLightItalic             ter8
kpnr8r          TerminusSSi                             ter1
kpnri8r         TerminusSSiItalic                       ter2
kpns8r          TerminusSSiSemiBold                     ter3
kpnsi8r         TerminusSSiSemiBoldItalic               ter4
kpor8r          TumbleweedSSi                           tumbl
kppb8r          CompleatSSiBold                         compl3
kppbi8r         CompleatSSiBoldItalic                   compl4
kppr8r          CompleatSSi                             compl1
kppri8r         CompleatSSiItalic                       compl2
kpqb8r          AntiquaSSiBold                          antiq2
kpql8r          AntiquaLightSSiLight                    antiq3
kpqr8r          AntiquaSSi                              antiq1
kpsr8r          ToucheSSi                               touche
kptr8r          SnippetScriptSSi                        snip1
kqrb8r          StackSSiBold                            sta2
kqrc8r          StackBlackSSiBlack                      sta5
kqrk8r          StackSSi                                sta1
kqrl8r          StackLightSSiLight                      sta3
kqrm8r          StackLightSSiMedium                     sta4
kr1b8r          LibreSemiSerifSSiBold                   libss2
kr1bs8r         LibreSemiSansSSiBold                    libse3
kr1lis8r        LibreSemiSansLightSSiLightItalic        libse5
kr1ls8r         LibreSemiSansLightSSiLight              libse4
kr1r8r          LibreSemiSerifSSi                       libss1
kr1ris8r        LibreSemiSansSSiItalic                  libse2
kr1rs8r         LibreSemiSansSSi                        libse1
kr1xs8r         LibreSemiSansBlackSSiExtraBold          libse6
krab8r          RecognitaSSiBold                        reco2
krad8r          RecognitaBookSSiSemiBold                reco3
kram8r          RecognitaBookSSiMedium                  reco4
krar8r          RecognitaSSi                            reco1
krob8r          LibreSerifSSiBold                       lib3
krobs8r         LibreSansSerifSSiBold                   libsa3
krolis8r        LibreSansSerifLightSSiLightItalic       libsa5
krols8r         LibreSansSerifLightSSiLight             libsa4
kror8r          LibreSerifSSi                           lib1
krori8r         LibreSerifSSiItalic                     lib2
kroris8r        LibreSansSerifSSiItalic                 libsa2
krors8r         LibreSansSerifSSi                       libsa1
kroxs8r         LibreSansSerifBlackSSiExtraBold         libsa6
krprw           SpiffyScriptSSi                         spiffy
krqr8r          ShoestringSSi                           shoe1
krqro8r         ShoestringSSiItalic                     shoe2
krtl8r          CartographerLightSSiLight               carto2
krtr8r          CartographerSSi                         carto1
krvr8r          ChorusLineSSiBold                       chor1
krvrh8r         ChorusLineShadowSSi                     chor2
krwb8r          AstuteSSiBold                           astu3
krwb8rc         AstuteCondensedSSiBoldCondensed         astu6
krwbi8r         AstuteSSiBoldItalic                     astu4
krwl8r          AstuteLightSSiLight                     astu7
krwli8r         AstuteLightSSiLightItalic               astu8
krwr8r          AstuteSSi                               astu1
krwr8rc         AstuteCondensedSSiCondensed             astu5
krwri8r         AstuteSSiItalic                         astu2
krwx8r          AstuteBlackSSiExtraBold                 astu9
ks5b8r          TangoScriptSSiBold                      tang2
ks5c8r          TangoScriptBlackSSiBlack                tang3
ks5r8r          TangoScriptSSi                          tang1
ksbb7d          GaramondRetrospectiveOSSSiBold          garet7
ksbb8r          GaramondRetrospectiveSSiBold            garet3
ksbbi7d         GaramondRetrospectiveOSSSiBold          garet8
ksbbi8r         GaramondRetrospectiveSSiBoldItalic      garet4
ksbr8r          GaramondRetrospectiveSSi                garet1
ksbrc7d         GaramondRetrospectiveOldStyleSSiSmallCaps       garet5
ksbri7d         GaramondRetrospectiveOSSSiNormal        garet6
ksbri8r         GaramondRetrospectiveSSiItalic          garet2
ksfb8r          MetronSSiBold                           metr3
ksfc8r          MetronBlackSSiBlack                     metr6
ksfl8r          MetronLightSSiLight                     metr4
ksfli8r         MetronLightSSiLightItalic               metr5
ksfr8r          MetronSSi                               metr1
ksfri8r         MetronSSiItalic                         metr2
ksgb8r          UbiqGothicSSiBold                       ubiq2
ksgc8r          UbiqGothicBlackSSiBlack                 ubiq4
ksgh8r          UbiqGothicUltraSSiUltraBlack            ubiq5
ksgl8r          UbiqGothicLightSSiLight                 ubiq6
ksgr8r          UbiqGothicSSi                           ubiq1
ksgx8r          UbiqGothicBlackSSiExtraBold             ubiq3
kshb8r          QueSSiBold                              que3
kshk8r          QueSSi                                  que1
kshro8r         QueSSiItalic                            que2
kshx8r          QueBlackSSiExtraBold                    que4
ksnh8r          ThinxSSiBold                            thin2
ksnk8r          ThinxSSi                                thin1
ksol4           SaxNViolinsLightSSiLight                sax2
ksor            QuintetSSi                              quint
ksor1           ConcertoSSi                             conc
ksor3           SaxNViolinsSSi                          sax1
kspb8r          BoostSSiBold                            boos3
kspbo8r         BoostSSiBoldItalic                      boos4
kspl8r          BoostLightSSiLight                      boos5
ksplo8r         BoostLightSSiLightItalic                boos6
kspm8r          BoostSSi                                boos1
kspmo8r         BoostSSiItalic                          boos2
ksrrw           BravoScriptSSi                          bravo
kssb8r          DeutchSSiBold                           deu3
kssbi8r         DeutchSSiBoldItalic                     deu4
kssc8r          DeutchBlackSSiBlack                     deu9
kssci8r         DeutchBlackSSiBlackItalic               deu10
kssl8r          DeutchLightSSiLight                     deu7
kssli8r         DeutchLightSSiLightItalic               deu8
kssm8r          DeutchMediumSSiMedium                   deu5
kssmi8r         DeutchMediumSSiMediumItalic             deu6
kssr8r          DeutchSSi                               deu1
kssri8r         DeutchSSiItalic                         deu2
kstb8r          MesouranSerifSSiSemiBoldItalic          messe4
kstbi8r         MesouranSerifBlackSSiBoldItalic         messe6
kstbin8r        MesouranCasualBlackSSiBoldItalic        mesca6
kstbis8r        MesouranSansBlackSSiBoldItalic          messa6
kstbn8r         MesouranCasualBlackSSiBold              mesca5
kstbs8r         MesouranSansBlackSSiBold                messa5
kstr8r          MesouranSerifSSi                        messe1
kstri8r         MesouranSerifSSiItalic                  messe2
kstrin8r        MesouranCasualSSiItalic                 mesca2
kstris8r        MesouranSansSSiItalic                   messa2
kstrn8r         MesouranCasualSSi                       mesca1
kstrs8r         MesouranSansSSi                         messa1
ksts8r          MesouranSerifSSiSemiBold                messe3
kstsi8r         MesouranSerifBlackSSiBold               messe5
kstsin8r        MesouranCasualSSiSemiBoldItalic         mesca4
kstsis8r        MesouranSansSSiSemiBoldItalic           messa4
kstsn8r         MesouranCasualSSiSemiBold               mesca3
kstss8r         MesouranSansSSiSemiBold                 messa3
ksvb8r          SouvenirBlackSSiBold                    souv5
ksvbi8r         SouvenirBlackSSiBoldItalic              souv6
ksvd8r          SouvenirSSiSemiBold                     souv3
ksvdi8r         SouvenirSSiSemiBoldItalic               souv4
ksvl8r          SouvenirLightSSiLight                   souv9
ksvli8r         SouvenirLightSSiLightItalic             souv10
ksvm8r          SouvenirSSi                             souv1
ksvmi8r         SouvenirSSiItalic                       souv2
ksvu8r          SouvenirBlackSSiExtraBold               souv7
ksvui8r         SouvenirBlackSSiExtraBoldItalic         souv8
ksxb8r          FacileSSiBold                           faci3
ksxc8r          FacileBlackSSiBlack                     faci5
ksxr8r          FacileSSi                               faci1
ksxri8r         FacileSSiItalic                         faci2
ksxu8r          FacileBlackSSiExtraBold                 faci4
ksyb8r          SymbolSSiBold                           sym2
ksybi8r         SymbolSSiBoldItalic                     sym3
ksyc8r          SymbolBlackSSiBlack                     sym8
ksyci8r         SymbolBlackSSiBlackItalic               sym9
ksyk8r          SymbolBookSSiBook                       sym4
ksyki8r         SymbolBookSSiBookItalic                 sym5
ksym8r          SymbolBookSSiMedium                     sym6
ksymi8r         SymbolBookSSiMediumItalic               sym7
ksyr            SymbolSSi                               sym1
kteb8r          GrecoEuropaSSiBold                      greu3
ktebi8r         GrecoEuropaSSiBoldItalic                greu4
kter8r          GrecoEuropaSSi                          greu1
kteri8r         GrecoEuropaSSiItalic                    greu2
ktfd8r          SophisticateSSiSemiBold                 soph3
ktfdi8r         SophisticateSSiSemiBoldItalic           soph4
ktfr8r          SophisticateSSi                         soph1
ktfri8r         SophisticateSSiItalic                   soph2
ktgb8r          CommerceBlackSSiBold                    comm7
ktgb8rc         CommerceBlackCondensedSSiBoldCondensed          comm13
ktgbo8r         CommerceBlackSSiBoldItalic              comm8
ktgbo8rc        CommerceBlackCondensedSSiBoldCondensedItalic    comm14
ktgl8r          CommerceLightSSiLight                   comm5
ktglo8r         CommerceLightSSiLightItalic             comm6
ktgr8r          CommerceSSi                             comm1
ktgro8r         CommerceSSiItalic                       comm2
ktgro8rc        CommerceCondensedSSiCondensedItalic     comm10
ktgs8r          CommerceSSiSemiBold                     comm3
ktgs8rc         CommerceCondensedSSiSemiBoldCondensed   comm11
ktgso8r         CommerceSSiSemiBoldItalic               comm4
ktgso8rc        CommerceCondensedSSiSemiBoldCondensedItalic     comm12
ktjb8r          HeliosSSiBold                           heli2
ktjr8r          HeliosSSi                               heli1
ktkb8r          ManualSSiBold                           manu3
ktkbo8r         ManualSSiBoldItalic                     manu4
ktkr8r          ManualSSi                               manu1
ktkro8r         ManualSSiItalic                         manu2
ktmb8r          GrecoBlackSSiBold                       gre5
ktmbc8r         GrecoOldStyleSSiBoldSmallCaps           gre14
ktmbi7d         GrecoOldStyleSSiBold                    gre15
ktmbi8r         GrecoBlackSSiBoldItalic                 gre6
ktmr8r          GrecoSSiRoman                           gre1
ktmrc8r         GrecoOldStyleSSiRomanSmallCaps          gre12
ktmri7d         GrecoOldStyleSSiItalicOldStyleFigures   gre13
ktmri8r         GrecoSSiItalic                          gre2
ktms8r          GrecoSSiSemiBold                        gre3
ktmsi8r         GrecoSSiSemiBoldItalic                  gre4
ktmx8r          GrecoBlackSSiExtraBold                  gre7
ktob8r          RecitalSSiBold                          recit3
ktobi8r         RecitalSSiBoldItalic                    recit4
ktor8r          RecitalSSi                              recit1
ktori8r         RecitalSSiItalic                        recit2
kttb7d          GrecoTenOldStyleSSiBoldOldStyleFigures  grete7
kttb8r          GrecoTenSSiBold                         grete3
kttbi7d         GrecoTenOldStyleSSiBold                 grete8
kttbi8r         GrecoTenSSiBoldItalic                   grete4
kttr7d          GrecoTenOldStyleSSiOldStyleFigures      grete5
kttr8r          GrecoTenSSi                             grete1
kttri7d         GrecoTenOldStyleSSiNormal               grete6
kttri8r         GrecoTenSSiItalic                       grete2
ktvb8r          BlackfordSSiBold                        black3
ktvbi7d         BlackfordOldStyleSSiBoldOldStyleFigures black7
ktvbi8r         BlackfordSSiBoldItalic                  black4
ktvr8r          BlackfordSSi                            black1
ktvrc8r         BlackfordOldStyleSSiSmallCaps           black5
ktvri7d         BlackfordOldStyleSSiNormal              black6
ktvri8r         BlackfordSSiItalic                      black2
