@c @mapfile{
@c   author = "Th. Bouche",       
@c   version = "1",
@c   date = "Mon Mar  4 23:03:14 MET 1996",
@c   filename = "skey1250.map",
@c   email = "Thierry.Bouche@ujf-grenoble.fr",
@c   address = "Maths Pures, B.P. 74 F-38402 St-Martin d'Heres (France)",
@c   codetable = "ISO/ASCII",
@c   checksum = "(unknown)",
@c   docstring = "Softkey PostScript fonts such as on Key Fonts Pro 1250 CD."
@c }
kaab8r     BlocSSiBold                                  bloc
kabr8r     ArtDecoSSi                                   artdeco
kagb8r     TrendexSSi-Bold                              tren5
kagb8rc    TrendexSSi-BoldCondensed                     tren12
kagbo8r    TrendexSSi-BoldItalic                        tren6
kagd8r     TrendexSSi-SemiBold                          tren3
kagdo8r    TrendexSSi-SemiBoldItalic                    tren4
kagi8r     TrendexSSi-ExtraLight                        tren7
kagio8r    TrendexSSi-ExtraLightItalic                  tren8
kagk8r     TrendexSSi                                   tren1
kagk8rc    TrendexSSi-Condensed                         tren11
kagko8r    TrendexSSi-Italic                            tren2
kagm8r     TrendexSSi-Medium                            tren9
kagm8rc    TrendexSSi-MediumCondensed                   tren13
kagmo8r    TrendexSSi-MediumItalic                      tren10
kamb8r     CountrysideSSiBold                           countr3
kamr8r     CountrysideSSi                               countr1
kamri8r    CountrysideSSiItalic                         countr2
kamx8r     CountrysideBlackSSiExtraBold                 countr4
kaob8r     DecadeSSiBold                                deca3
kaob8rc    DecadeSSi-BoldCondensed                      deca9
kaoc8r     DecadeBlackSSiBlack                          deca5
kaoc8rc    DecadeBlackCondensedSSiBlackCondensed        deca10
kaoh8rx    DecadeBlackSSiExtraBlack                     deca6
kaohi8rx   DecadeSSi-ExtraBlackItalic                   deca7
kaol8r     DecadeLightSSiLight                          deca4
kaor8r     DecadeSSi                                    deca1
kaor8rn    DecadeSSi-Condensed                          deca8
kaori8r    DecadeSSiItalic                              deca2
karr7a     SpitbolAlternateSSi                          spit2
karr8r     SpitbolSSi                                   spit1
katb7a     KeyboardSSi-BoldAlternate                    keyb5
katb7ac    KeyboardSSi-BoldCondensedAlternate           keyb11
katb8r     KeyboardSSiBold                              keyb2
katb8rc    KeyboardSSi-BoldCondensed                    keyb8
katl7a     KeyboardSSi-LightAlternate                   keyb6
katl8r     KeyboardSSi-Light                            keyb3
katl8rc    KeyboardSSi-LightCondensed                   keyb9
katm7a     KeyboardSSi-Alternate                        keyb4
katm8r     KeyboardSSiMedium                            keyb1
katr7ac    KeyboardSSi-CondensedAlternate               keyb10
katr8rc    KeyboardSSi-Condensed                        keyb7
katrd8r    KeyboardDisplaySSi                           keyb13
kaub8r     PaletteSSi-Bold                              pale3
kaubi8r    PaletteSSi-BoldItalic                        pale4
kauc8r     PaletteSSi-Black                             pale5
kauci8r    PaletteSSi-BlackItalic                       pale6
kaur8r     PaletteSSi                                   pale1
kauri8r    PaletteSSi-Italic                            pale2
kavc8r     ExpoSSi-Black                                expo11
kavco8r    ExpoSSi-BlackItalic                          expo12
kavh8r     ExpoSSi-Bold                                 expo3
kavho8r    ExpoSSi-BoldItalic                           expo4
kavk8r     ExpoSSi-Book                                 expo5
kavko8r    ExpoSSi-BookItalic                           expo6
kavl8r     ExpoSSi-Light                                expo9
kavlo8r    ExpoSSi-LightItalic                          expo10
kavm8r     ExpoSSi-Medium                               expo7
kavmo8r    ExpoSSi-MediumItalic                         expo8
kavr8r     ExpoSSi                                      expo1
kavro8r    ExpoSSi-Italic                               expo2
kazb8r     ExpressSSi-Bold                              expr2
kazc8r     ExpressSSi-Black                             expr4
kazl8r     ExpressSSi-Light                             expr3
kazr8r     ExpressSSi                                   expr1
kb0r8r     WantedPosterSSiBlack                         wanted
kb7b8r     MonitorSSi-Bold                              moni3
kb7bi8r    MonitorSSi-BoldItalic                        moni4
kb7r8r     MonitorSSi                                   moni1
kb7ri8r    MonitorSSi-Italic                            moni2
kb7rn      TourinaSSi                                   tour
kb7rw      PetticoatScriptSSi                           petti
kbbb8r     KuriakosSSi-Bold                             kurio5
kbbbi8r    KuriakosSSi-BoldItalic                       kurio6
kbbr8r     KuriakosSSi                                  kurio1
kbbri8r    KuriakosSSi-Italic                           kurio2
kbbs8r     KuriakosSSi-SemiBold                         kurio3
kbbsi8r    KuriakosSSi-SemiBoldItalic                   kurio4
kbbx8r     KuriakosSSi-ExtraBold                        kurio7
kbbxi8r    KuriakosSSi-ExtraBoldItalic                  kurio8
kbdb8r     BodoniSSi-Bold                               bodo3
kbdb8rc    BodoniSSi-BoldCondensed                      bodo11
kbdbi8r    BodoniSSi-BoldItalic                         bodo4
kbdc8r     BodoniSSi-PosterBold                         bodo8
kbdk8r     BodoniSSi-Book                               bodo10
kbdki8r    BodoniSSi-BookItalic                         bodo7
kbdp8r     BodoniSSi-Poster                             bodo5
kbdp8rp    BodoniSSi-PosterCondensed                    bodo9
kbdpi8r    BodoniSSi-PosterItalic                       bodo6
kbdr8r     BodoniSSi                                    bodo1
kbdri8r    BodoniSSi-Italic                             bodo2
kbgb8r     ExpressDecoSSiBold                           exdec2
kbgk8r     ExpressDecoSSi                               exdec1
kbhb8r     DynameBlackSSiBold                           dyna3
kbhd8r     DynameSSi-SemiBold                           dyna2
kbhh8r     DynameBlackSSiExtraBold                      dyna4
kbhl8r     DynameLightSSiLight                          dyna5
kbhm8r     DynameSSi                                    dyna1
kbir8r     SentinalSSi                                  sentin
kblb8r     BarristerSSi-Bold                            barr2
kbll8r     BarristerSSi-Light                           barr4
kblm8r     BarristerSSi                                 barr1
kblr8rc    BarristerSSi-Condensed                       barr3
kbrb8r     CortexSSi-Bold                               cort3
kbrbi8r    CortexSSi-BoldItalic                         cort4
kbrr8r     CortexSSi                                    cort1
kbrri8r    CortexSSi-Italic                             cort2
kbsr8r     PersuasionSSi                                persua
kburw      MotifScriptSSi                               motif
kcbc8r     CooperSSiBlack                               coop1
kcbci8r    CooperSSiBlackItalic                         coop4
kccrw      OleScriptSSi                                 ole1
kcdb8r     IntroitSSi-Bold                              intro2
kcdl8r     IntroitSSi-Light                             intro3
kcdr8r     IntroitSSi                                   intro1
kceb7d     CenturyRepriseSSi-BoldOldStyleFigures        cenre11
kceb8r     CenturyRepriseSSi-Bold                       cenre3
kcebi7d    CenturyRepriseSSi-BoldItalicOldStyleFigure   cenre12
kcebi8r    CenturyRepriseSSi-BoldItalic                 cenre4
kcec7d     CenturyRepriseSSi-BlackOldStyleFigures       cenre13
kceci7d    CenturyRepriseSSi-BlackItalicOldStyleFigur   cenre14
kceci8r    CenturyRepriseSSi-BlackItalic                cenre6
kcel8r     CenturyRepriseSSi-Light                      cenre7
kcelc8r    CenturyRepriseSSi-LightSmallCaps             cenre15
kceli7d    CenturyRepriseSSi-LightItalicOldStyleFigur   cenre16
kceli8r    CenturyRepriseSSi-LightItalic                cenre8
kcer8r     CenturyRepriseSSi                            cenre1
kcerc8r    CenturyRepriseSSi-SmallCaps                  cenre9
kceri7d    CenturyRepriseSSi-ItalicOldStyleFigures      cenre10
kceri8r    CenturyRepriseSSi-Italic                     cenre2
kcgb8r     SenatusSSi-Bold                              senat2
kcgr8r     SenatusSSi                                   senat1
kcib8r     MatiqueSSi-Bold                              matiq2
kcir8r     MatiqueSSi                                   matiq1
kcob8r     ThesisSSi-Bold                               thes3
kcobi8r    ThesisSSi-BoldItalic                         thes4
kcor8r     ThesisSSi                                    thes1
kcori8r    ThesisSSi-Italic                             thes2
kcpb8r     CopperplateSSiBold                           coper2
kcpb8rc    CopperplateCondensedSSiBoldCondensed         coper5
kcpb8ro    CopperplateSSi-BoldExtraCondensed            coper8
kcpl8r     CopperplateLightSSiLight                     coper3
kcpl8rc    CopperplateLightCondensedSSiLightCondensed   coper6
kcpr8r     CopperplateSSi                               coper1
kcpr8rc    CopperplateCondensedSSiCondensed             coper4
kcpr8ro    CopperplateSSi-ExtraCondensed                coper7
kcpx8rc    CopperplateSSi-BlackCondensed                coper9
kcqr       ChessSSi                                     chess
kcsb8r     CenturySchoolbookSSi-Bold                    censch3
kcsbi8r    CenturySchoolbookSSi-BoldItalic              censch4
kcsr8r     CenturySchoolbookSSi                         censch1
kcsri8r    CenturySchoolbookSSi-Italic                  censch2
kcub8r     CenturyRetrospectiveSSi-Bold                 cenret4
kcur8r     CenturyRetrospectiveSSi                      cenret1
kcuri8r    CenturyRetrospectiveSSi-Italic               cenret2
kcwr8r     AlamoSSi                                     alamo
kcxb8r     GrammateusSSiBold                            gram3
kcxbi8r    GrammateusSSiBoldItalic                      gram4
kcxk8r     GrammateusSSi                                gram1
kcxki8r    GrammateusSSiItalic                          gram2
kcxl8r     GrammateusLightSSiLight                      gram5
kcxli8r    GrammateusLightSSiLightItalic                gram6
kdcr8r     BangaSSi                                     banga
kdrb8r     ExtensSSiBold                                extens
kehr8r     ReductoSSi-Condensed                         redu4
kerb8r     SpeedoBlackSSiBold                           spe3
kerd8r     SpeedoSSiSemiBold                            spe2
kerk8r     SpeedoSSi                                    spe1
kerl8r     SpeedoSSi-Light                              spe9
kerm8r     SpeedoBookSSiMedium                          spe7
keru8r     SpeedoUltraSSiBlack                          spe5
kesb8r     PalindromeBlackSSiBold                       pali5
kesb8rc    PalindromeSSi-BoldCondensed                  pali8
kesb8rx    PalindromeExpandedSSiBoldExpanded            pali10
kesbo8r    PalindromeBlackSSiBoldItalic                 pali6
kesd8r     PalindromeSSi-SemiBold                       pali3
kesdo8r    PalindromeSSi-SemiBoldItalic                 pali4
kesr8r     PalindromeSSi                                pali1
kesr8rc    PalindromeSSi-Condensed                      pali7
kesr8rx    PalindromeSSi-Expanded                       pali9
kesro8r    PalindromeSSiItalic                          pali2
kexb8r     CentricSSiBold                               centr3
kexli8r    CentricSSi-LightItalic                       centr4
kexr8r     CentricSSi                                   centr1
kfnb8r     CompendiumSSiBold                            compe3
kfnbo8r    CompendiumSSiBoldItalic                      compe4
kfnl8r     CompendiumSSi-Light                          compe5
kfnlo8r    CompendiumSSi-LightItalic                    compe6
kfnr8r     CompendiumSSi                                compe1
kfnro8r    CompendiumSSiItalic                          compe2
kfnu8r     CompendiumBlackSSiBlack                      compe7
kfnuo8r    CompendiumBlackSSiBlackItalic                compe8
kfob8r     LayoutSSi-Bold                               lay2
kfob8rc    LayoutSSi-BoldCondensed                      lay5
kfol8r     LayoutSSi-Light                              lay4
kfom8r     LayoutSSi                                    lay1
kfox8r     LayoutSSi-Black                              lay3
kfqb8r     MusterSSiBold                                must2
kfqr8r     MusterSSi                                    must1
kfrb8r     PalmaSSi-Bold                                palm3
kfrbi8r    PalmaSSi-BoldItalic                          palm4
kfrc8r     PalmaSSi-Black                               palm5
kfrl8r     PalmaSSi-Light                               palm8
kfrli8r    PalmaSSi-LightItalic                         palm9
kfrr8r     PalmaSSi                                     palm1
kfrri8r    PalmaSSi-Italic                              palm2
kfru8r     PalmaSSi-ExtraBlack                          palm7
kfsrw      NanoScriptSSi                                nano
kftrf8r    BaubleSSiBlack                               bauble
kfub8r     KudosSSiBold                                 kudo3
kfub8rc    KudosBlackCondensedSSiBoldCondensed          kudo19
kfubo8r    KudosSSiBoldItalic                           kudo4
kfubo8rc   KudosBlackCondensedSSiBoldCondensedItalic    kudo20
kfuc8r     KudosSSi-Poster                              kudo12
kfuh8r     KudosSSi-Black                               kudo8
kfuho8r    KudosSSi-BlackItalic                         kudo9
kfuk8r     KudosBookSSiBook                             kudo13
kfuko8r    KudosBookSSiBookItalic                       kudo14
kful8r     KudosSSi-Light                               kudo10
kful8rc    KudosSSi-LightCondensed                      kudo25
kfulo8r    KudosSSi-LightItalic                         kudo11
kfulo8rc   KudosSSi-LightCondensedItalic                kudo26
kfur8r     KudosSSi                                     kudo1
kfur8rc    KudosCondensedSSiCondensed                   kudo15
kfuro8r    KudosSSiItalic                               kudo2
kfuro8rc   KudosCondensedSSiCondensedItalic             kudo16
kfux8r     KudosBlackSSiExtraBold                       kudo6
kfux8rc    KudosSSi-ExtraBoldCondensed                  kudo21
kfuxo8r    KudosBlackSSiExtraBoldItalic                 kudo7
kg3b8r     GaramondRepriseSSi-Bold                      gare3
kg3bc8r    GaramondRepriseSSi-BoldSmallCaps             gare7
kg3bi7d    GaramondRepriseSSi-BoldItalicOldStyleFigur   gare8
kg3bi8r    GaramondRepriseSSi-BoldItalic                gare4
kg3r8r     GaramondRepriseSSi                           gare1
kg3rc8r    GaramondRepriseSSi-SmallCaps                 gare5
kg3ri7d    GaramondRepriseSSi-ItalicOldStyleFigures     gare6
kg3ri8r    GaramondRepriseSSi-Italic                    gare2
kggb8r     AxiomaticSSi-Bold                            ax3
kggbi8r    AxiomaticSSi-BoldItalic                      ax4
kggbr8rc   AxiomaticSSi-BoldCondensed                   ax8
kggc8r     AxiomaticSSi-Black                           ax6
kggr8r     AxiomaticSSi                                 ax1
kggr8rc    AxiomaticSSi-Condensed                       ax7
kggri8r    AxiomaticSSi-Italic                          ax2
kggx8r     AxiomaticSSi-ExtraBold                       ax5
kgjb7d     TiascoSSi-BoldOldStyleFigures                tia6
kgjb8r     TiascoSSi-Bold                               tia3
kgjr8r     TiascoSSi                                    tia1
kgjrc8r    TiascoSSi-SmallCaps                          tia4
kgjri7d    TiascoSSi-ItalicOldStyleFigures              tia5
kgjri8r    TiascoSSi-Italic                             tia2
kglb8r     AcanthusSSi-Bold                             acan3
kglbi8r    AcanthusSSi-BoldItalic                       acan4
kglc8r     AcanthusSSi-Black                            acan5
kglci8r    AcanthusSSi-BlackItalic                      acan6
kglr8r     AcanthusSSi                                  acan1
kglri8r    AcanthusSSi-Italic                           acan2
kglu8r     AcanthusSSi-ExtraBlack                       acan7
kglui8r    AcanthusSSi-ExtraBlackItalic                 acan8
kgob8r     GoudyRetrospectiveSSi-Bold                   gour3
kgor8r     GoudyRetrospectiveSSi                        gour1
kgori8r    GoudyRetrospectiveSSi-Italic                 gour2
kgpa8r     InstallationSSi-Thin                         inst7
kgpao8r    InstallationSSi-ThinItalic                   inst8
kgpb8r     InstallationSSiBold                          inst3
kgpbo8r    InstallationSSiBoldItalic                    inst4
kgpc8r     InstallationBlackSSiBlack                    inst5
kgpco8r    InstallationSSi-BlackItalic                  inst6
kgpl8r     InstallationSSi-Light                        inst9
kgplo8r    InstallationSSi-LightItalic                  inst10
kgpr8r     InstallationSSi                              inst1
kgpro8r    InstallationSSiItalic                        inst2
kgsb8r     GillSSi-Bold                                 gill3
kgsb8rc    GillSSi-BoldCondensed                        gill10
kgsbi8r    GillSSi-BoldItalic                           gill4
kgsl8r     GillLightSSiLight                            gill7
kgsli8r    GillLightSSiLightItalic                      gill8
kgsr8r     GillSSi                                      gill1
kgsr8rc    GillSSi-Condensed                            gill9
kgsri8r    GillSSi-Italic                               gill2
kgsu8r     GillBlackSSiBlack                            gill6
kgsu8rc    GillSSi-BlackCondensed                       gill11
kgsx8r     GillBlackSSiExtraBold                        gill5
khbr8r     BoffoSSi                                     bof
khcr8r     SpartaSSi                                    sparta
khgb8r     GlossarySSiBold                              glo3
khgbi8r    GlossarySSiBoldItalic                        glo4
khgc8r     GlossaryBlackSSiBlack                        glo7
khgci8r    GlossaryBlackSSiBlackItalic                  glo8
khgk8r     GlossarySSi                                  glo1
khgki8r    GlossarySSiItalic                            glo2
khgm8r     GlossaryMediumSSiMedium                      glo5
khgmi8r    GlossaryMediumSSiMediumItalic                glo6
khir8r     ContextInseratSSi                            con12
khmb8r     MemoScriptSSi                                memo
khmr8r     AirfoilScriptSSi                             airfoil
khna8r     ContextRepriseSSi-Thin                       conre15
khna8rc    ContextRepriseSSi-ThinCondensed              conre33
khna8rx    ContextRepriseSSi-ThinExpanded               conre49
khnao8r    ContextRepriseSSi-ThinItalic                 conre16
khnao8rc   ContextRepriseSSi-ThinCondensedItalic        conre34
khnao8rx   ContextRepriseSSi-ThinExpandedItalic         conre50
khnb8r     ContextRepriseSSi-Bold                       conre3
khnb8rc    ContextRepriseSSi-BoldCondensed              conre19
khnb8rx    ContextRepriseSSi-BoldExpanded               conre37
khnbo8r    ContextRepriseSSiBoldItalic                  conre4
khnbo8rc   ContextRepriseSSi-BoldCondensedItalic        conre20
khnbo8rx   ContextRepriseSSiBoldExpandedItalic          conre38
khnc8r     ContextRepriseSSi-Black                      conre7
khnc8rc    ContextRepriseSSi-BlackCondensed             conre23
khnc8rx    ContextRepriseSSi-BlackExpanded              conre41
khnco8r    ContextRepriseSSi-BlackItalic                conre6
khnco8rc   ContextRepriseSSi-BlackCondensedItalic       conre24
khnco8rx   ContextRepriseSSi-BlackExpandedItalic        conre42
khnh8r     ContextRepriseSSi-ExtraBold                  conre5
khnh8rc    ContextRepriseSSi-ExtraBoldCondensed         conre21
khnh8rx    ContextRepriseSSi-ExtraBoldExpanded          conre39
khnho8rc   ContextRepriseSSi-ExtraBoldCondensedItalic   conre22
khnho8rx   ContextRepriseSSi-ExtraBoldExpandedItalic    conre40
khnj8r     ContextRepriseSSi-ExtraLight                 conre11
khnj8rc    ContextRepriseSSi-ExtraLightCondensed        conre31
khnj8rx    ContextRepriseSSi-ExtraLightExpanded         conre47
khnjo8r    ContextRepriseSSi-ExtraLightItalic           conre12
khnjo8rc   ContextRepriseSSi-ExtraLightCondensedItali   conre32
khnjo8rx   ContextRepriseSSi-ExtraLightExpandedItalic   conre48
khnl8r     ContextRepriseSSi-Light                      conre13
khnl8rc    ContextRepriseSSi-LightCondensed             conre29
khnl8rx    ContextRepriseSSi-LightExpanded              conre45
khnlo8r    ContextRepriseSSi-LightItalic                conre14
khnlo8rc   ContextRepriseSSi-LightCondensedItalic       conre30
khnlo8rx   ContextRepriseSSi-LightExpandedItalic        conre46
khnm8r     ContextRepriseSSi-Medium                     conre9
khnm8rc    ContextRepriseSSi-MediumCondensed            conre27
khnm8rx    ContextRepriseSSi-MediumExpanded             conre43
khnmo8r    ContextRepriseSSi-MediumItalic               conre10
khnmo8rc   ContextRepriseSSi-MediumCondensedItalic      conre28
khnmo8rx   ContextRepriseSSi-MediumExpandedItalic       conre44
khnr8r     ContextRepriseSSi                            conre1
khnr8rc    ContextRepriseSSi-Condensed                  conre17
khnr8rx    ContextRepriseSSi-Expanded                   conre35
khnro8r    ContextRepriseSSi-Italic                     conre2
khnro8rc   ContextRepriseSSi-CondensedItalic            conre18
khnro8rx   ContextRepriseSSi-ExpandedItalic             conre36
khnx8r     ContextRepriseSSi-ExtraBlack                 conre8
khnx8rc    ContextRepriseSSi-ExtraBlackCondensed        conre25
khnxo8rc   ContextRepriseSSi-ExtraBlackCondensedItali   conre26
khrb8r     ContextRoundedSSi-Bold                       conro1
khrb8rc    ContextRoundedSSi-BoldCondensed              conro5
khrbo8r    ContextRoundedSSi-BoldItalic                 conro2
khrbo8rc   ContextRoundedSSi-BoldCondensedItalic        conro6
khrc8r     ContextRoundedSSi-Black                      conro3
khrco8r    ContextRoundedSSi-BlackItalic                conro4
khvb7f     ContextSSi-FractionsBold                     con11
khvb8r     ContextSSi-Bold                              con3
khvb8rc    ContextSSi-BoldCondensed                     con15
khvb8rn    ContextSSi-BoldUltraCondensed                con27
khvb8rp    ContextExtraCondensedSSiBoldExtraCondensed   con24
khvbo8r    ContextSSi-BoldItalic                        con4
khvbo8rc   ContextSSi-BoldCondensedItalic               con16
khvbo8rn   ContextExtraCondensedSSiBoldExtraCondensedItalic con25
khvc8r     ContextBlackSSiBlack                         con8
khvc8rc    ContextSSi-BlackCondensed                    con19
khvco8r    ContextBlackSSiBlackItalic                   con9
khvco8rc   ContextSSi-BlackCondensedItalic              con20
khvj8r     ContextSSi-ExtraLight                        con7
khvl8r     ContextSSi-Light                             con5
khvl8rc    ContextSSi-LightCondensed                    con17
khvlo8r    ContextSSi-LightItalic                       con6
khvlo8rc   ContextSSi-LightCondensedItalic              con18
khvr7f     ContextSSi-Fractions                         con10
khvr8r     ContextSSi                                   con1
khvr8rc    ContextSSi-Condensed                         con13
khvr8rn    ContextSSi-SemiCondensed                     con21
khvr8rq    ContextSSi-ExtraCondensed                    con22
khvr8ru    ContextSSi-UltraCondensed                    con26
khvro8r    ContextSSi-Italic                            con2
khvro8rc   ContextSSi-CondensedItalic                   con14
khvro8rn   ContextSSi-ExtraCondensedItalic              con23
ki0rw      JournalScriptSSi                             jour
kiar7a     KernelSSi-Alternate                          ker2
kiar8r     KernelSSi                                    ker1
kicr8r     ShortHaulSSi                                 short
kilb8r     MonologueSSi-Bold                            mono3
kilbc8r    MonologueSSi-BoldSmallCaps                   mono11
kilbci8r   MonologueSSi-BoldItalicSmallCaps             mono12
kilbi8r    MonologueSSi-BoldItalic                      mono4
kilh8r     MonologueSSi-Black                           mono5
kilhc8r    MonologueSSi-BlackSmallCaps                  mono13
kilhci8r   MonologueSSi-BlackItalicSmallCaps            mono14
kilhi8r    MonologueSSi-BlackItalic                     mono6
kill8r     MonologueSSi-Light                           mono7
killc8r    MonologueSSi-LightSmallCaps                  mono15
killci8r   MonologueSSi-LightItalicSmallCaps            mono16
killi8r    MonologueSSi-LightItalic                     mono8
kilr8r     MonologueSSi                                 mono1
kilrc8r    MonologueSSi-SmallCaps                       mono9
kilrci8r   MonologueSSi-ItalicSmallCaps                 mono10
kilri8r    MonologueSSi-Italic                          mono2
kinr7a     AssemblySSi-Alternate                        ass2
kinr8r     AssemblySSi                                  ass1
kinrh7a    AssemblyOutlineSSi-Alternate                 ass4
kinrh8r    AssemblyOutlineSSi                           ass3
kipb8r     ClassicSSi-Bold                              cla3
kipr8r     ClassicSSi                                   cla1
kipri8r    ClassicSSi-Italic                            cla2
kitb8r     EnsembleSSiBold                              ens2
kitk8r     EnsembleSSi                                  ens1
kitm8r     EnsembleMediumSSiMedium                      ens3
kiwr8r     CantinaSSi                                   cant1
kiwr8rx    CantinaSSi-SemiExpanded                      cant2
kjnb7d     JansonSSi-BoldOldStyleFigures                jan7
kjnb8r     JansonSSi-Bold                               jan3
kjnbi7d    JansonSSi-BoldItalicOldStyleFigures          jan8
kjnbi8r    JansonSSi-BoldItalic                         jan4
kjnr8r     JansonSSi                                    jan1
kjnrc8r    JansonSSi-SmallCaps                          jan5
kjnri7d    JansonSSi-ItalicOldStyleFigures              jan6
kjnri8r    JansonSSi-Italic                             jan2
kjpb8r     HubbubSSi-Bold                               hub2
kjpr8r     HubbubSSi                                    hub1
kkbc8r     PerformaBlackSSiBlack                        perf5
kkbd8r     PerformaBookSSiSemiBold                      perf4
kkbh8r     PerformaSSiBold                              perf2
kkbk8r     PerformaBookSSiBook                          perf3
kkbm8r     PerformaSSiMedium                            perf1
kkbrl8r    PerformaSSi-Outline                          perf6
kkrb8r     IntuitionSSiBold                             intu3
kkrbi8r    IntuitionSSiBoldItalic                       intu4
kkrr8r     IntuitionSSi                                 intu1
kkrri8r    IntuitionSSiItalic                           intu2
kksb8r     QuillScriptSSi-Bold                          quil2
kksc8r     QuillScriptSSi-Black                         quil3
kksm8r     QuillScriptSSi                               quil1
kkub8r     ProseScriptSSiBold                           pros2
kkur8r     ProseScriptSSi                               pros1
klbd8r     TorrentGraphicSSiSemiBold                    tor3
klbdo8r    TorrentGraphicSSiSemiBoldItalic              tor4
klbk8r     TorrentGraphicSSi                            tor1
klbko8r    TorrentGraphicSSiItalic                      tor2
klcb8r     InsightSSi-Bold                              insi3
klcbi8r    InsightSSi-BoldItalic                        insi4
klcbs8r    InsightSansSSi-Bold                          insis3
klcbsi8r   InsightSansSSi-BoldItalic                    insis4
klcr8r     InsightSSi                                   insi1
klcri8r    InsightSSi-Italic                            insi2
klcrm      InsightMathSSi-Italic                        insim4
klcrs8r    InsightSansSSi                               insis1
klcrsi8r   InsightSansSSi-Italic                        insis2
klcrv      InsightMathSSi-Extension                     insim1
klcry      InsightMathSSi-Symbol                        insim3
klfb8r     ResourceSSi-Bold                             res3
klfr8r     ResourceSSi                                  res1
klfri8r    ResourceSSi-Italic                           res2
klgb8r     MicrofineSSi-Bold                            micro3
klgbo8r    MicrofineSSi-BoldItalic                      micro4
klgr8r     MicrofineSSi                                 micro1
klgro8r    MicrofineSSi-Italic                          micro2
klnr8r     ClerestorySSi                                clere
klnrw      MonasteryScriptSSi                           mona
klob8r     AustereSSi-Bold                              aus2
kloc8r     AustereSSi-Black                             aus5
kloi8r     AustereSSi-ExtraLight                        aus3
klol8r     AustereSSi-Light                             aus4
klor8r     AustereSSi                                   aus1
klwb8r     AdvisorSSi-Bold                              adv2
klwc8r     AdvisorSSi-Black                             adv6
klwci8r    AdvisorSSi-BlackItalic                       adv7
klwk8r     AdvisorSSi                                   adv1
klwki8r    AdvisorSSi-Italic                            adv3
klwm8r     AdvisorSSi-Medium                            adv4
klwmi8r    AdvisorSSi-MediumItalic                      adv5
km6r8r     ReductoSSi                                   redu1
kmdb8r     CoherentSSi-Bold                             coh3
kmdbi8r    CoherentSSi-BoldItalic                       coh4
kmdm8r     CoherentSSi-Medium                           coh5
kmdmi8r    CoherentSSi-MediumItalic                     coh6
kmdr8r     CoherentSSi                                  coh1
kmdri8r    CoherentSSi-Italic                           coh2
kmhb8r     AutomatonCapsSSi                             aut1
kmhr8r     AutomatonCapsSSi-Light                       aut2
kmlb8r     ProtocolSSiBold                              prot3
kmlbi8r    ProtocolSSiBoldItalic                        prot4
kmlr8r     ProtocolSSi                                  prot1
kmlri8r    ProtocolSSiItalic                            prot2
kmnb8r     AtlantixSSi-Bold                             atl5
kmnb8x     AtlantixProSSi-Bold                          atl20
kmnbi8r    AtlantixSSi-BoldItalic                       atl6
kmnbi8x    AtlantixProSSi-BoldItalic                    atl21
kmnc8r     AtlantixSSi-Black                            atl7
kmnc8x     AtlantixProSSi-Black                         atl22
kmnr8r     AtlantixSSi                                  atl1
kmnr8x     AtlantixProSSi                               atl16
kmnrd8r    AtlantixSSi-DisplayRegular                   atl8
kmnrd8x    AtlantixProSSi-DisplayRegular                atl14
kmnrdi8r   AtlantixSSi-DisplayItalic                    atl9
kmnrdi8x   AtlantixProSSi-DisplayItalic                 atl15
kmnrdiw    AtlantixSwashSSi-DisplayItalic               atl13
kmnri8r    AtlantixSSi-Italic                           atl2
kmnri8x    AtlantixProSSi-Italic                        atl17
kmnriw     AtlantixSwashSSi-Italic                      atl11
kmnrp      AtlantixOrnamentsSSi                         atl10
kmns8r     AtlantixSSi-SemiBold                         atl3
kmns8x     AtlantixProSSi-SemiBold                      atl18
kmnsi8r    AtlantixSSi-SemiBoldItalic                   atl4
kmnsi8x    AtlantixProSSi-SemiBoldItalic                atl19
kmnsiw     AtlantixSwashSSi-SemiBoldItalic              atl12
kmpb8r     JaakSSiBold                                  jaa3
kmpbi8r    JaakSSiBoldItalic                            jaa4
kmpl8r     JaakLightSSiLight                            jaa5
kmpli8r    JaakLightSSiLightItalic                      jaa6
kmpm8r     JaakSSiMedium                                jaa1
kmpmi8r    JaakSSiItalic                                jaa2
kmpx8r     JaakBlackSSiExtraBold                        jaa7
kmqr8r     PlugSSi                                      plug
kmsr8r     WaifSSi                                      waif
kmtb8r     ClericSSi-Bold                               cleri3
kmtbi8r    ClericSSi-BoldItalic                         cleri4
kmtc8r     ClericSSi-Black                              cleri5
kmtci8r    ClericSSi-BlackItalic                        cleri6
kmtk8r     ClericSSi                                    cleri1
kmtki8r    ClericSSi-Italic                             cleri2
kmtl8r     ClericSSi-Light                              cleri7
kmtli8r    ClericSSi-LightItalic                        cleri8
kmxr8r     IngenioSSi                                   ingen
knab8r     OrchidSSiBold                                orc5
knabi8r    OrchidSSi-BoldItalic                         orc6
knac8r     OrchidSSi-Black                              orc7
knaci8r    OrchidSSi-BlackItalic                        orc8
knar8r     OrchidSSi                                    orc1
knari8r    OrchidSSi-Italic                             orc2
knas8r     OrchidSSi-SemiBold                           orc3
knasi8r    OrchidSSi-SemiBoldItalic                     orc4
knbb8r     BaskervilleSSi-Bold                          bask7
knbbc8r    BaskervilleSSi-BoldSmallCaps                 bask10
knbbi7d    BaskervilleSSi-BoldItalicOldStyleFigures     bask12
knbbi8r    BaskervilleSSi-BoldItalic                    bask8
knbr8r     BaskervilleSSi                               bask1
knbrc8r    BaskervilleSSi-SmallCaps                     bask9
knbri7d    BaskervilleSSi-ItalicOldStyleFigures         bask11
knbri8r    BaskervilleSSi-Italic                        bask2
kncb7f     CenturySchoolbookRepriseSSi-FractionsBold    censr6
kncb8r     CenturySchoolbookRepriseSSi-Bold             censr3
kncbi8r    CenturySchoolbookRepriseSSi-BoldItalic       censr4
kncr7f     CenturySchoolbookRepriseSSi-Fractions        censr5
kncr8r     CenturySchoolbookRepriseSSi                  censr1
kncri8r    CenturySchoolbookRepriseSSi-Italic           censr2
kndb8r     TycoonSSi-Bold                               tyc5
kndbi7d    TycoonSSiBoldItalicOldStyleFigures           tyc12
kndbi8r    TycoonSSi-BoldItalic                         tyc6
kndc8r     TycoonSSi-Black                              tyc7
kndci8r    TycoonSSi-BlackItalic                        tyc8
kndr8r     TycoonSSi                                    tyc1
kndrc8r    TycoonSSi-SmallCaps                          tyc9
kndri7d    TycoonSSi-ItalicOldStyleFigures              tyc10
kndri8r    TycoonSSi-Italic                             tyc2
knds8r     TycoonSSi-SemiBold                           tyc3
kndsi8r    TycoonSSi-SemiBoldItalic                     tyc4
knfli8r    ConquistaSSi-LightItalic                     conq3
knfm8r     ConquistaSSi                                 conq1
knfmi8r    ConquistaSSi-Italic                          conq2
kngb8r     MacroSSiBold                                 macr3
kngbo8r    MacroSSiBoldItalic                           macr4
kngr8r     MacroSSi                                     macr1
kngro8r    MacroSSiItalic                               macr2
knsb8r     GrecoRecutSSi-Bold                           grere3
knsbi8r    GrecoRecutSSi-BoldItalic                     grere4
knsr8r     GrecoRecutSSi                                grere1
knsri8r    GrecoRecutSSi-Italic                         grere2
knurw      UnicornScriptSSi                             unic
knvb8r     TridentSSiBold                               tri3
knvbi8r    TridentSSiBoldItalic                         tri4
knvk8r     TridentSSi                                   tri1
knvki8r    TridentSSiItalic                             tri2
knvm8r     TridentMediumSSiMedium                       tri5
knvmi8r    TridentMediumSSiMediumItalic                 tri6
knvu8r     TridentBlackSSiBlack                         tri7
knzh8r     ParallaxSSi-Bold                             para2
knzk8r     ParallaxSSi                                  para1
ko7r8r     PartitionSSi                                 part1
ko7rc8r    PartitionSSi-SmallCaps                       part3
ko7ri7d    PartitionSSi-ItalicOldStyleFigures           part4
ko7ri8r    PartitionSSi-Italic                          part2
koar8r     OCR1SSi                                      ocr1
kobr8r     OCR2SSi                                      ocr2
kocb8r     InformaticsSSi-Bold                          info3
kocbi8r    InformaticsSSi-BoldItalic                    info4
kocr8r     InformaticsSSi                               info1
kocri8r    InformaticsSSi-Italic                        info2
komr8r     MacedonSSi                                   maced
konb8r     LockupSSi-Bold                               lock3
konr8r     LockupSSi                                    lock1
konri8r    LockupSSi-Italic                             lock2
kopb8r     InterfaceSSiBold                             inte3
kopbo8r    InterfaceSSiBoldItalic                       inte4
kopr8r     InterfaceSSi                                 inte1
kopro8r    InterfaceSSiItalic                           inte2
korr8r     ScribeSSi-SmallCaps                          scri1
korro8r    ScribeSSi-ItalicSmallCaps                    scri2
kotr8r     CoronetScriptSSi                             coron1
kotri8r    CoronetScriptSSi-Italic                      coron2
koyb8r     SterlingSSi-Bold                             ster3
koybi8r    SterlingSSi-BoldItalic                       ster4
koyr8r     SterlingSSi                                  ster1
koyri8r    SterlingSSi-Italic                           ster2
kp0r8r     SlotSSiBlack                                 slot
kpar8r     UpscaleScriptSSi                             upsca
kpcri8r    ScriptoriaSSi                                scrip3
kpcri8x    ScriptoriaProSSi                             scrip7
kpeb8r     KeyboardEliteSSi-Bold                        keyel3
kpebo8r    KeyboardEliteSSi-BoldItalic                  keyel4
kper8r     KeyboardEliteSSi                             keyel1
kpero8r    KeyboardEliteSSi-Italic                      keyel2
kpgb8r     CremeBlackSSiBold                            crem3
kpgd8r     CremeSSiSemiBold                             crem2
kpgl8r     CremeSSiLight                                crem1
kpi001     InFractionSSi                                infra
kpi002     FormatPiOneSSi                               form1
kpi003     FormatPiTwoSSi                               form2
kpi004     FormatPiThreeSSi                             form3
kpi005     AbacusOneSSi                                 aba1
kpi006     AbacusTwoSSi                                 aba2
kpi007     AbacusThreeSSi                               aba3
kpi008     AbacusFourSSi                                aba4
kpi020     QuantaPiThreeSSi                             qua3
kpi021     QuantaPiSixSSi                               qua6
kpi022     QuantaPiFiveSSi                              qua5
kpi023     QuantaPiTwoSSi                               qua2
kpi024     QuantaPiOneSSi                               qua1
kpi025     QuantaPiFourSSi                              qua4
kpi026     WoodcutOrnamentsOneSSi                       wood1
kpi027     WoodcutOrnamentsTwoSSi                       wood2
kplb7d     CriteriaSSi-BoldOldStyleFigures              crit7
kplb8r     CriteriaSSi-Bold                             crit3
kplbi7d    CriteriaSSiBoldItalicOldStyleFigures         crit8
kplbi8r    CriteriaSSi-BoldItalic                       crit4
kplr8r     CriteriaSSi                                  crit1
kplrc8r    CriteriaSSi-SmallCaps                        crit5
kplri7d    CriteriaSSi-ItalicOldStyleFigures            crit6
kplri8r    CriteriaSSi-Italic                           crit2
kpmicr     MICRSSi                                      micr
kpnb8r     TerminusSSi-Bold                             ter5
kpnb8rc    TerminusSSi-BoldCondensed                    ter9
kpnbi8r    TerminusSSi-BoldItalic                       ter6
kpnl8r     TerminusSSi-Light                            ter7
kpnli8r    TerminusSSi-LightItalic                      ter8
kpnr8r     TerminusSSi                                  ter1
kpnri8r    TerminusSSi-Italic                           ter2
kpns8r     TerminusSSi-SemiBold                         ter3
kpnsi8r    TerminusSSi-SemiBoldItalic                   ter4
kpor8r     TumbleweedSSi                                tumbl
kppb8r     CompleatSSi-Bold                             compl3
kppbi8r    CompleatSSi-BoldItalic                       compl4
kppr8r     CompleatSSi                                  compl1
kppri8r    CompleatSSi-Italic                           compl2
kpqb8r     AntiquaSSi-Bold                              antiq2
kpql8r     AntiquaSSi-Light                             antiq3
kpqr8r     AntiquaSSi                                   antiq1
kpsr8r     ToucheSSi                                    touche
kptr8r     SnippetScriptSSi                             snip1
kqrb8r     StackSSiBold                                 sta2
kqrc8r     StackBlackSSiBlack                           sta5
kqrk8r     StackSSi                                     sta1
kqrl8r     StackSSi-Light                               sta3
kqrm8r     StackLightSSiMedium                          sta4
kr1b8r     LibreSemiSerifSSi-Bold                       libss2
kr1bs8r    LibreSemiSansSSi-Bold                        libse3
kr1lis8r   LibreSemiSansSSi-LightItalic                 libse5
kr1ls8r    LibreSemiSansSSi-Light                       libse4
kr1r8r     LibreSemiSerifSSi                            libss1
kr1ris8r   LibreSemiSansSSi-Italic                      libse2
kr1rs8r    LibreSemiSansSSi                             libse1
kr1xs8r    LibreSemiSansSSi-ExtraBold                   libse6
krab8r     RecognitaSSi-Bold                            reco2
krad8r     RecognitaSSi-SemiBold                        reco3
kram8r     RecognitaSSi-Book                            reco4
krar8r     RecognitaSSi                                 reco1
krob8r     LibreSerifSSi-Bold                           lib3
krobs8r    LibreSansSerifSSi-Bold                       libsa3
krolis8r   LibreSansSerifSSi-LightItalic                libsa5
krols8r    LibreSansSerifSSi-Light                      libsa4
kror8r     LibreSerifSSi                                lib1
krori8r    LibreSerifSSi-Italic                         lib2
kroris8r   LibreSansSerifSSi-Italic                     libsa2
krors8r    LibreSansSerifSSi                            libsa1
kroxs8r    LibreSansSerifSSi-ExtraBold                  libsa6
krprw      SpiffyScriptSSi                              spiffy
krqr8r     ShoestringSSi                                shoe1
krqro8r    ShoestringSSi-Italic                         shoe2
krtl8r     CartographerSSi-Light                        carto2
krtr8r     CartographerSSi                              carto1
krvr8r     ChorusLineSSi-Bold                           chor1
krvrh8r    ChorusLineShadowSSi                          chor2
krwb8r     AstuteSSi-Bold                               astu3
krwb8rc    AstuteSSi-BoldCondensed                      astu6
krwbi8r    AstuteSSi-BoldItalic                         astu4
krwl8r     AstuteSSi-Light                              astu7
krwli8r    AstuteSSi-LightItalic                        astu8
krwr8r     AstuteSSi                                    astu1
krwr8rc    AstuteSSi-Condensed                          astu5
krwri8r    AstuteSSi-Italic                             astu2
krwx8r     AstuteSSi-ExtraBold                          astu9
ksbb7d     GaramondRetrospectiveSSi-BoldOldStyleFigur   garet7
ksbb8r     GaramondRetrospectiveSSi-Bold                garet3
ksbbi7d    GaramondRetrospectiveSSi-BoldItalicOldStyl   garet8
ksbbi8r    GaramondRetrospectiveSSi-BoldItalic          garet4
ksbr8r     GaramondRetrospectiveSSi                     garet1
ksbrc7d    GaramondRetrospectiveOldStyleSSiSmallCaps    garet5
ksbri7d    GaramondRetrospectiveSSi-ItalicOldStyleFig   garet6
ksbri8r    GaramondRetrospectiveSSi-Italic              garet2
ksfb8r     MetronSSi-Bold                               metr3
ksfc8r     MetronSSi-Black                              metr6
ksfl8r     MetronSSi-Light                              metr4
ksfli8r    MetronSSi-LightItalic                        metr5
ksfr8r     MetronSSi                                    metr1
ksfri8r    MetronSSi-Italic                             metr2
ksgb8r     UbiqGothicSSiBold                            ubiq2
ksgc8r     UbiqGothicBlackSSiBlack                      ubiq4
ksgh8r     UbiqGothicSSi-UltraBlack                     ubiq5
ksgl8r     UbiqGothicSSi-Light                          ubiq6
ksgr8r     UbiqGothicSSi                                ubiq1
ksgx8r     UbiqGothicBlackSSiExtraBold                  ubiq3
kshb8r     QueSSi-Bold                                  que3
kshk8r     QueSSi                                       que1
kshro8r    QueSSi-Italic                                que2
kshx8r     QueSSi-ExtraBold                             que4
ksnh8r     ThinxSSi-Bold                                thin2
ksnk8r     ThinxSSi                                     thin1
ksol4      SaxNViolinsSSi-Light                         sax2
ksor       QuintetSSi                                   quint
ksor1      ConcertoSSi                                  conc
ksor3      SaxNViolinsSSi                               sax1
kspb8r     BoostSSi-Bold                                boos3
kspbo8r    BoostSSi-BoldItalic                          boos4
kspl8r     BoostSSi-Light                               boos5
ksplo8r    BoostSSi-LightItalic                         boos6
kspm8r     BoostSSi                                     boos1
kspmo8r    BoostSSi-Italic                              boos2
ksrrw      BravoScriptSSi                               bravo
kssb8r     DeutchSSi-Bold                               deu3
kssbi8r    DeutchSSi-BoldItalic                         deu4
kssc8r     DeutchSSi-Black                              deu9
kssci8r    DeutchSSi-BlackItalic                        deu10
kssl8r     DeutchSSi-Light                              deu7
kssli8r    DeutchSSi-LightItalic                        deu8
kssm8r     DeutchSSi-Medium                             deu5
kssmi8r    DeutchSSi-MediumItalic                       deu6
kssr8r     DeutchSSi                                    deu1
kssri8r    DeutchSSi-Italic                             deu2
kstb8r     MesouranSerifSSi-Bold                        messe4
kstbi8r    MesouranSerifSSi-BoldItalic                  messe6
kstbin8r   MesouranCasualSSi-BoldItalic                 mesca6
kstbis8r   MesouranSansSSi-BoldItalic                   messa6
kstbn8r    MesouranCasualSSi-Bold                       mesca5
kstbs8r    MesouranSansSSi-Bold                         messa5
kstr8r     MesouranSerifSSi                             messe1
kstri8r    MesouranSerifSSi-Italic                      messe2
kstrin8r   MesouranCasualSSi-Italic                     mesca2
kstris8r   MesouranSansSSi-Italic                       messa2
kstrn8r    MesouranCasualSSi                            mesca1
kstrs8r    MesouranSansSSi                              messa1
ksts8r     MesouranSerifSSi-SemiBold                    messe3
kstsi8r    MesouranSerifSSi-SemiBoldItalic              messe5
kstsin8r   MesouranCasualSSi-SemiBoldItalic             mesca4
kstsis8r   MesouranSansSSi-SemiBoldItalic               messa4
kstsn8r    MesouranCasualSSi-SemiBold                   mesca3
kstss8r    MesouranSansSSi-SemiBold                     messa3
ksxb8r     FacileSSi-Bold                               faci3
ksxc8r     FacileSSi-Black                              faci5
ksxr8r     FacileSSi                                    faci1
ksxri8r    FacileSSi-Italic                             faci2
ksxu8r     FacileSSi-ExtraBold                          faci4
kteb8r     GrecoEuropaSSi-Bold                          greu3
ktebi8r    GrecoEuropaSSi-BoldItalic                    greu4
kter8r     GrecoEuropaSSi                               greu1
kteri8r    GrecoEuropaSSi-Italic                        greu2
ktfd8r     SophisticateSSiSemiBold                      soph3
ktfdi8r    SophisticateSSiSemiBoldItalic                soph4
ktfr8r     SophisticateSSi                              soph1
ktfri8r    SophisticateSSiItalic                        soph2
ktgb8r     CommerceSSi-Bold                             comm7
ktgb8rc    CommerceSSi-BoldCondensed                    comm13
ktgbo8r    CommerceSSi-BoldItalic                       comm8
ktgbo8rc   CommerceSSi-BoldCondensedItalic              comm14
ktgl8r     CommerceSSi-Light                            comm5
ktglo8r    CommerceSSi-LightItalic                      comm6
ktgr8r     CommerceSSi                                  comm1
ktgro8r    CommerceSSi-Italic                           comm2
ktgro8rc   CommerceSSi-CondensedItalic                  comm10
ktgs8r     CommerceSSi-SemiBold                         comm3
ktgs8rc    CommerceSSi-SemiBoldCondensed                comm11
ktgso8r    CommerceSSi-SemiBoldItalic                   comm4
ktgso8rc   CommerceSSi-SemiBoldCondensedItalic          comm12
ktjb8r     HeliosSSi-Bold                               heli2
ktjr8r     HeliosSSi                                    heli1
ktkb8r     ManualSSiBold                                manu3
ktkbo8r    ManualSSiBoldItalic                          manu4
ktkr8r     ManualSSi                                    manu1
ktkro8r    ManualSSiItalic                              manu2
ktmb8r     GrecoSSi-Bold                                gre5
ktmbc8r    GrecoSSi-BoldSmallCaps                       gre14
ktmbi7d    GrecoSSi-BoldItalicOldStyleFigures           gre15
ktmbi8r    GrecoSSi-BoldItalic                          gre6
ktmr8r     GrecoSSi-Roman                               gre1
ktmrc8r    GrecoSSi-RomanSmallCaps                      gre12
ktmri7d    GrecoSSi-ItalicOldStyleFigures               gre13
ktmri8r    GrecoSSi-Italic                              gre2
ktms8r     GrecoSSi-SemiBold                            gre3
ktmsi8r    GrecoSSi-SemiBoldItalic                      gre4
ktmx8r     GrecoSSi-ExtraBold                           gre7
ktob8r     RecitalSSi-Bold                              recit3
ktobi8r    RecitalSSi-BoldItalic                        recit4
ktor8r     RecitalSSi                                   recit1
ktori8r    RecitalSSi-Italic                            recit2
kttb7d     GrecoTenSSi-BoldOldStyleFigures              grete7
kttb8r     GrecoTenSSi-Bold                             grete3
kttbi7d    GrecoTenSSi-BoldItalicOldStyleFigures        grete8
kttbi8r    GrecoTenSSi-BoldItalic                       grete4
kttr7d     GrecoTenSSi-OldStyleFigures                  grete5
kttr8r     GrecoTenSSi                                  grete1
kttri7d    GrecoTenSSi-ItalicOldStyleFigures            grete6
kttri8r    GrecoTenSSi-Italic                           grete2
ktvb8r     BlackfordSSi-Bold                            black3
ktvbi7d    BlackfordSSi-BoldOldStyleFigures             black7
ktvbi8r    BlackfordSSi-BoldItalic                      black4
ktvr8r     BlackfordSSi                                 black1
ktvrc8r    BlackfordSSi-SmallCaps                       black5
ktvri7d    BlackfordSSi-ItalicOldStyleFigures           black6
ktvri8r    BlackfordSSi-Italic                          black2
kubb7d     BodoniRecutSSi-BoldOldStyleFigures           bodre10
kubb8r     BodoniRecutSSi-Bold                          bodre3
kubbi7d    BodoniRecutSSi-BoldItalicOldStyleFigures     bodre11
kubbi8r    BodoniRecutSSi-BoldItalic                    bodre4
kubc8r     BodoniRecutSSi-Black                         bodre12
kubc8rc    BodoniRecutSSi-BlackCondensed                bodre14
kubci8r    BodoniRecutSSi-BlackItalic                   bodre13
kubr8r     BodoniRecutSSi                               bodre1
kubrc8r    BodoniRecutSSi-SmallCaps                     bodre8
kubri7d    BodoniRecutSSi-ItalicOldStyleFigures         bodre9
kubri8r    BodoniRecutSSi-Italic                        bodre2
kugb8r     ExpressDecoGothicSSiBold                     exdeg3
kugbo8r    ExpressDecoGothicSSiBoldItalic               exdeg4
kugh8r     ExpressDecoGothicBlackSSiBlack               exdeg7
kugho8r    ExpressDecoGothicBlackSSiBlackItalic         exdeg8
kugk8r     ExpressDecoGothicLightSSiBook                exdeg5
kugko8r    ExpressDecoGothicLightSSiNormal              exdeg6
kugm8r     ExpressDecoGothicSSi                         exdeg1
kugmo8r    ExpressDecoGothicSSiItalic                   exdeg2
kuhb8r     PerspectiveSSi-Bold                          persp3
kuhbi8r    PerspectiveSSi-BoldItalic                    persp4
kuhh8r     PerspectiveSSi-Black                         persp5
kuhhi8r    PerspectiveSSi-BlackItalic                   persp6
kuhk8r     PerspectiveSSi                               persp1
kuhki8r    PerspectiveSSi-Italic                        persp2
kuhm8r     PerspectiveSSi-Medium                        persp7
kuhmi8r    PerspectiveSSi-MediumItalic                  persp8
kulrk      EisagoGreekSSi                               eisago1
kulrn      EisagoNewsSSi                                eisago2
kumr8r     ShadowSSi                                    shadow
kuna8ro    NovaSSi-ThinUltraCondensed                   nova19
kunb8r     NovaSSi-Bold                                 nova3
kunb8rc    NovaSSi-BoldCondensed                        nova14
kunb8rx    NovaSSi-BoldExpanded                         nova23
kunbo8r    NovaSSi-BoldItalic                           nova4
kunbo8rc   NovaSSi-BoldCondensedItalic                  nova15
kunbo8rx   NovaSSi-BoldExpandedItalic                   nova24
kunc8r     NovaSSi-ExtraBold                            nova5
kunc8rx    NovaSSi-BlackExpanded                        nova27
kunco8r    NovaSSi-ExtraBoldItalic                      nova6
kunco8rx   NovaSSi-ExtraBoldExpandedItalic              nova26
kunl8r     NovaSSi-Light                                nova10
kunl8rc    NovaSSi-LightCondensed                       nova16
kunl8ro    NovaSSi-LightUltraCondensed                  nova20
kunlo8r    NovaSSi-LightItalic                          nova11
kunlo8rc   NovaSSi-LightCondensedItalic                 nova17
kunr8r     NovaSSi-Medium                               nova30
kunr8rc    NovaSSi-Condensed                            nova12
kunr8ro    NovaSSi-UltraCondensed                       nova18
kunr8rx    NovaSSi-Expanded                             nova21
kunro8r    NovaSSi-Italic                               nova2
kunro8rc   NovaSSi-CondensedItalic                      nova13
kunro8rx   NovaSSi-ExpandedItalic                       nova22
kunx8r     NovaSSi-ExtraBlack                           nova9
kunx8rx    NovaSSi-ExtraBlackExpanded                   nova29
kunxo8r    NovaSSi-BlackItalic                          nova8
kunxo8rx   NovaSSi-BlackExpandedItalic                  nova28
kutb8r     VeracitySSi-Bold                             vera5
kutb8x     VeracityProSSi-Bold                          vera14
kutbi8r    VeracitySSi-BoldItalic                       vera6
kutbi8x    VeracityProSSi-BoldItalic                    vera15
kutc8r     VeracitySSi-Black                            vera7
kutc8x     VeracityProSSi-Black                         vera16
kutr8r     VeracitySSi                                  vera1
kutr8x     VeracityProSSi                               vera10
kutrd8r    VeracityTitlingCapsSSi                       vera9
kutri8r    VeracitySSi-Italic                           vera2
kutri8x    VeracityProSSi-Italic                        vera11
kutrp      VeracityOrnamentsSSi                         vera8
kuts8r     VeracitySSi-SemiBold                         vera3
kuts8x     VeracityProSSi-SemiBold                      vera12
kutsi8r    VeracitySSi-SemiBoldItalic                   vera4
kutsi8x    VeracityProSSi-SemiBoldItalic                vera13
kuwb8r     ExpositionSSi-Bold                           expos3
kuwbi8r    ExpositionSSi-BoldItalic                     expos4
kuwc8r     ExpositionSSi-Black                          expos7
kuwci8r    ExpositionSSi-BlackItalic                    expos8
kuwk8r     ExpositionSSi                                expos1
kuwki8r    ExpositionSSi-Italic                         expos2
kuwm8r     ExpositionSSi-Medium                         expos5
kuwmi8r    ExpositionSSi-MediumItalic                   expos6
kuyr8r     AcademiaSSi                                  acad1
kvjb8r     VoraceSSi-Bold                               vor3
kvjbi8r    VoraceSSi-BoldItalic                         vor4
kvjc8r     VoraceSSi-Black                              vor5
kvjci8r    VoraceSSi-BlackItalic                        vor6
kvjk8r     VoraceSSi                                    vor1
kvjki8r    VoraceSSi-Italic                             vor2
kvjm8r     VoraceSSi-Medium                             vor7
kvjmi8r    VoraceSSi-MediumItalic                       vor8
kvlb8r     NuanceSSi-Bold                               nua3
kvlbi8r    NuanceSSi-BoldItalic                         nua4
kvlc8r     NuanceSSi-Black                              nua5
kvlci8r    NuanceSSi-BlackItalic                        nua6
kvll8r     NuanceSSi-Light                              nua7
kvlli8r    NuanceSSi-LightItalic                        nua8
kvlr8r     NuanceSSi                                    nua1
kvlri8r    NuanceSSi-Italic                             nua2
kvra8r     VAGRoundedLightSSiThin                       vag3
kvrb8r     VAGRoundedBlackSSiBold                       vag1
kvrc8r     VAGRoundedBlackSSiBlack                      vag2
kvrl8r     VAGRoundedLightSSiLight                      vag4
kwbb7d     WalbaumSSi-BoldOldStyleFigures               walb7
kwbb8r     WalbaumSSi-Bold                              walb3
kwbbi7d    WalbaumSSi-BoldItalicOldStyleFigures         walb8
kwbbi8r    WalbaumSSi-BoldItalic                        walb4
kwbr8r     WalbaumSSi                                   walb1
kwbrc8r    WalbaumSSi-SmallCaps                         walb5
kwbri7d    WalbaumSSi-ItalicOldStyleFigures             walb6
kwbri8r    WalbaumSSi-Italic                            walb2
kwdb8r     QuintessenceSSi-Bold                         quin3
kwdbi8r    QuintessenceSSi-BoldItalic                   quin4
kwdc8r     QuintessenceSSi-Black                        quin5
kwdci8r    QuintessenceSSi-BlackItalic                  quin6
kwdk8r     QuintessenceSSi                              quin1
kwdki8r    QuintessenceSSi-Italic                       quin2
kwdm8r     QuintessenceSSi-Medium                       quin7
kwdmi8r    QuintessenceSSi-MediumItalic                 quin8
kwsb8r     MissiveSSi-Bold                              miss3
kwsr8r     MissiveSSi                                   miss1
kwsri8r    MissiveSSi-Italic                            miss2
kwsx8r     MissiveSSi-ExtraBold                         miss4
kwwr8r     ElvenSSiLight                                elven
kubb7d          BodoniRecutOldStyleSSiBold              bodre10
kubb8r          BodoniRecutSSiBold                      bodre3
kubbi7d         BodoniRecutOldStyleSSiBold              bodre11
kubbi8r         BodoniRecutSSiBoldItalic                bodre4
kubc8r          BodoniRecutBlackSSiBlack                bodre12
kubc8rc         BodoniRecutBlackCondensedSSiNormal      bodre14
kubci8r         BodoniRecutBlackSSiBlackItalic          bodre13
kubr8r          BodoniRecutSSi                          bodre1
kubrc8r         BodoniRecutOldStyleSSiSmallCaps         bodre8
kubri7d         BodoniRecutOldStyleSSiNormal            bodre9
kubri8r         BodoniRecutSSiItalic                    bodre2
kugb8r          ExpressDecoGothicSSiBold                exdeg3
kugbo8r         ExpressDecoGothicSSiBoldItalic          exdeg4
kugh8r          ExpressDecoGothicBlackSSiBlack          exdeg7
kugho8r         ExpressDecoGothicBlackSSiBlackItalic    exdeg8
kugk8r          ExpressDecoGothicLightSSiBook           exdeg5
kugko8r         ExpressDecoGothicLightSSiNormal         exdeg6
kugm8r          ExpressDecoGothicSSi                    exdeg1
kugmo8r         ExpressDecoGothicSSiItalic              exdeg2
kuhb8r          PerspectiveSSiBold                      persp3
kuhbi8r         PerspectiveSSiBoldItalic                persp4
kuhh8r          PerspectiveBlackSSiNormal               persp5
kuhhi8r         PerspectiveBlackSSiNormal               persp6
kuhk8r          PerspectiveSSi                          persp1
kuhki8r         PerspectiveSSiItalic                    persp2
kuhm8r          PerspectiveMediumSSiMedium              persp7
kuhmi8r         PerspectiveMediumSSiMediumItalic        persp8
kulrk           EisagoGreekSSi                          eisago1
kulrn           EisagoNewsSSi                           eisago2
kumr8r          ShadowSSi                               shadow
kuna8ro         NovaLightUltraSSiThinUltraCondensed     nova19
kunb8r          NovaSSiBold                             nova3
kunb8rc         NovaCondensedSSiBoldCondensed           nova14
kunb8rx         NovaExpandedSSiBoldExpanded             nova23
kunbo8r         NovaSSiBoldItalic                       nova4
kunbo8rc        NovaCondensedSSiBoldCondensedItalic     nova15
kunbo8rx        NovaExpandedSSiBoldExpandedItalic       nova24
kunc8r          NovaBlackSSiExtraBold                   nova5
kunc8rx         NovaBlackExpandedSSiBlackExpanded       nova27
kunco8r         NovaBlackSSiExtraBoldItalic             nova6
kunco8rx        NovaBlackExpandedSSiExtraBoldExpandedItalic     nova26
kunl8r          NovaLightSSiLight                       nova10
kunl8rc         NovaLightCondensedSSiLightCondensed     nova16
kunl8ro         NovaLightUltraSSiLightUltraCondensed    nova20
kunlo8r         NovaLightSSiLightItalic                 nova11
kunlo8rc        NovaLightCondensedSSiLightCondensedItalic       nova17
kunr8r          NovaMediumSSiMedium                     nova30
kunr8rc         NovaCondensedSSiCondensed               nova12
kunr8ro         NovaUltraSSiUltraCondensed              nova18
kunr8rx         NovaExpandedSSiExpanded                 nova21
kunro8r         NovaSSiItalic                           nova2
kunro8rc        NovaCondensedSSiCondensedItalic         nova13
kunro8rx        NovaExpandedSSiExpandedItalic           nova22
kunx8r          NovaUltraSSiExtraBlack                  nova9
kunx8rx         NovaUltraExpandedSSiExtraBlackExpanded  nova29
kunxo8r         NovaBlackSSiBlackItalic                 nova8
kunxo8rx        NovaBlackExpandedSSiBlackExpandedItalic nova28
kutb8r          VeracityBlackSSiBold                    vera5
kutb8x          VeracityProBlackSSiBold                 vera14
kutbi8r         VeracityBlackSSiBoldItalic              vera6
kutbi8x         VeracityProBlackSSiBoldItalic           vera15
kutc8r          VeracityBlackSSiBlack                   vera7
kutc8x          VeracityProBlackSSiBlack                vera16
kutr8r          VeracitySSi                             vera1
kutr8x          VeracityProSSi                          vera10
kutrd8r         VeracityTitlingCapsSSi                  vera9
kutri8r         VeracitySSiItalic                       vera2
kutri8x         VeracityProSSiItalic                    vera11
kutrp           VeracityOrnamentsSSi                    vera8
kuts8r          VeracitySSiSemiBold                     vera3
kuts8x          VeracityProSSiSemiBold                  vera12
kutsi8r         VeracitySSiSemiBoldItalic               vera4
kutsi8x         VeracityProSSiSemiBoldItalic            vera13
kuwb8r          ExpositionSSiBold                       expos3
kuwbi8r         ExpositionSSiBoldItalic                 expos4
kuwc8r          ExpositionBlackSSiBlack                 expos7
kuwci8r         ExpositionBlackSSiBlackItalic           expos8
kuwk8r          ExpositionSSi                           expos1
kuwki8r         ExpositionSSiItalic                     expos2
kuwm8r          ExpositionMediumSSiMedium               expos5
kuwmi8r         ExpositionMediumSSiMediumItalic         expos6
kuyr8r          AcademiaSSi                             acad1
kvjb8r          VoraceSSi-Bold                          vor3
kvjbi8r         VoraceSSi-BoldItalic                    vor4
kvjc8r          VoraceSSi-Black                         vor5
kvjci8r         VoraceSSi-BlackItalic                   vor6
kvjk8r          VoraceSSi                               vor1
kvjki8r         VoraceSSi-Italic                        vor2
kvjm8r          VoraceSSi-Medium                        vor7
kvjmi8r         VoraceSSi-MediumItalic                  vor8
kvlb8r          NuanceSSiBold                           nua3
kvlbi8r         NuanceSSiBoldItalic                     nua4
kvlc8r          NuanceBlackSSiBlack                     nua5
kvlci8r         NuanceBlackSSiBlackItalic               nua6
kvll8r          NuanceLightSSiLight                     nua7
kvlli8r         NuanceLightSSiLightItalic               nua8
kvlr8r          NuanceSSi                               nua1
kvlri8r         NuanceSSiItalic                         nua2
kvra8r          VAGRoundedLightSSiThin                  vag3
kvrb8r          VAGRoundedBlackSSiBold                  vag1
kvrc8r          VAGRoundedBlackSSiBlack                 vag2
kvrl8r          VAGRoundedLightSSiLight                 vag4
kwbb7d          WalbaumSSi-BoldOldStyleFigures          walb7
kwbb8r          WalbaumSSi-Bold                         walb3
kwbbi7d         WalbaumSSi-BoldItalicOldStyleFigures    walb8
kwbbi8r         WalbaumSSi-BoldItalic                   walb4
kwbr8r          WalbaumSSi                              walb1
kwbrc8r         WalbaumSSi-SmallCaps                    walb5
kwbri7d         WalbaumSSi-ItalicOldStyleFigures        walb6
kwbri8r         WalbaumSSi-Italic                       walb2
kwdb8r          QuintessenceSSiBold                     quin3
kwdbi8r         QuintessenceSSiBoldItalic               quin4
kwdc8r          QuintessenceBlackSSiBlack               quin5
kwdci8r         QuintessenceBlackSSiBlackItalic         quin6
kwdk8r          QuintessenceSSi                         quin1
kwdki8r         QuintessenceSSiItalic                   quin2
kwdm8r          QuintessenceMediumSSiMedium             quin7
kwdmi8r         QuintessenceMediumSSiMediumItalic       quin8
kwsb8r          MissiveSSiBold                          miss3
kwsr8r          MissiveSSi                              miss1
kwsri8r         MissiveSSiItalic                        miss2
kwsx8r          MissiveBlackSSiExtraBold                miss4
kwwr8r          ElvenSSiLight                           elven
kzcb8r          ChanceryScriptBlackSSiBold              chan8
kzcd8r          ChanceryScriptSSiSemiBold               chan3
kzcl8r          ChanceryScriptLightSSiLight             chan4
kzcli8r         ChanceryScriptLightSSiLightItalic       chan5
kzcr8r          ChanceryScriptSSi                       chan1
kzcri8r         ChanceryScriptSSiItalic                 chan2
kzdrp           ChanceryOrnamentsSSi                    chano
kzgb8rc         ReductoSSiBold                          redu2
kzgl8r          ReductoLightSSiLight                    redu3
zkilrd1         IlluminatiOneSSiDisplayCaps             illumin1
zkilrd2         IlluminatiTwoSSiDisplayCaps             illumin2
zkshalw         PenTweaksOneSSi                         pen1
zkshanw         PenTweaksTwoSSi                         pen2
zkshvow         PenTweaksThreeSSi                       pen3
kzcb8r     ChanceryScriptSSi-Bold                       chan8
kzcd8r     ChanceryScriptSSi-SemiBold                   chan3
kzcl8r     ChanceryScriptSSiLight                       chan4
kzcli8r    ChanceryScriptSSi-LightItalic                chan5
kzcr8r     ChanceryScriptSSi                            chan1
kzcri8r    ChanceryScriptSSi-Italic                     chan2
kzdrp      ChanceryOrnamentsSSi                         chano
kzgb8rc    ReductoSSi-Bold                              redu2
kzgl8r     ReductoSSi-Light                             redu3
zkilrd1    IlluminatiOneSSiDisplayCaps                  illumin1   
zkilrd2    IlluminatiTwoSSiDisplayCaps                  illumin2
zkshalw    PenTweaksOneSSi                              pen1
zkshanw    PenTweaksTwoSSi                              pen2
zkshvow    PenTweaksThreeSSi                            pen3
