@c @mapfile{
@c   author = "Th. Bouche",       
@c   version = "0.01 (pre-alpha:-)",
@c   date = "REPLACE-WITH-DATE",
@c   filename = "softkey.map",
@c   email = "bouche@fourier.grenet.fr",
@c   address = "Maths Pures, B.P. 74 F-38402 St-Martin d'Heres (France)",
@c   codetable = "ISO/ASCII",
@c   checksum = "49397    41",
@c   docstring = "Softkey PostScript fonts."
@c }
kpi005     AbacusOneSSi                                 aba1
kpi006     AbacusTwoSSi                                 aba2
kpi007     AbacusThreeSSi                               aba3
kpi008     AbacusFourSSi                                aba4
kuyr8a     AcademiaSSi                                  acad1
kglr8a     AcanthusSSi                                  acan1
kglri8a    AcanthusSSi-Italic                           acan2
kglb8a     AcanthusSSi-Bold                             acan3
kglbi8a    AcanthusSSi-BoldItalic                       acan4
kglc8a     AcanthusSSi-Black                            acan5
kglci8a    AcanthusSSi-BlackItalic                      acan6
kglu8a     AcanthusSSi-ExtraBlack                       acan7
kglui8a    AcanthusSSi-ExtraBlackItalic                 acan8
klwk8a     AdvisorSSi                                   adv1
klwb8a     AdvisorSSi-Bold                              adv2
klwki8a    AdvisorSSi-Italic                            adv3
klwm8a     AdvisorSSi-Medium                            adv4
klwmi8a    AdvisorSSi-MediumItalic                      adv5
klwc8a     AdvisorSSi-Black                             adv6
klwci8a    AdvisorSSi-BlackItalic                       adv7
khmr8a     AirfoilScriptSSi                             airfoil
kcwr8a     AlamoSSi                                     alamo
kpqr8a     AntiquaSSi                                   antiq1
kpqb8a     AntiquaSSi-Bold                              antiq2
kpql8a     AntiquaSSi-Light                             antiq3
kabr8a     ArtDecoSSi                                   artdeco
kinr8a     AssemblySSi                                  ass1
kinra8a    AssemblySSi-Alternate                        ass2
kinrh8a    AssemblyOutlineSSi                           ass3
kinrha8a   AssemblyOutlineSSi-Alternate                 ass4
krwr8a     AstuteSSi                                    astu1
krwri8a    AstuteSSi-Italic                             astu2
krwb8a     AstuteSSi-Bold                               astu3
krwbi8a    AstuteSSi-BoldItalic                         astu4
krwr8ac    AstuteSSi-Condensed                          astu5
krwb8ac    AstuteSSi-BoldCondensed                      astu6
krwl8a     AstuteSSi-Light                              astu7
krwli8a    AstuteSSi-LightItalic                        astu8
krwx8a     AstuteSSi-ExtraBold                          astu9
kmnr8a     AtlantixSSi                                  atl1
kmnri8a    AtlantixSSi-Italic                           atl2
kmns8a     AtlantixSSi-SemiBold                         atl3
kmnsi8a    AtlantixSSi-SemiBoldItalic                   atl4
kmnb8a     AtlantixSSi-Bold                             atl5
kmnbi8a    AtlantixSSi-BoldItalic                       atl6
kmnc8a     AtlantixSSi-Black                            atl7
kmnrd8a    AtlantixSSi-DisplayRegular                   atl8
kmnrdi8a   AtlantixSSi-DisplayItalic                    atl9
kmnrp      AtlantixOrnamentsSSi                         atl10
kmnriw     AtlantixSwashSSi-Italic                      atl11
kmnsiw     AtlantixSwashSSi-SemiBoldItalic              atl12
kmnrdiw    AtlantixSwashSSi-DisplayItalic               atl13
kmnrd8x    AtlantixProSSi-DisplayRegular                atl14
kmnrdi8x   AtlantixProSSi-DisplayItalic                 atl15
kmnr8x     AtlantixProSSi                               atl16
kmnri8x    AtlantixProSSi-Italic                        atl17
kmns8x     AtlantixProSSi-SemiBold                      atl18
kmnsi8x    AtlantixProSSi-SemiBoldItalic                atl19
kmnb8x     AtlantixProSSi-Bold                          atl20
kmnbi8x    AtlantixProSSi-BoldItalic                    atl21
kmnc8x     AtlantixProSSi-Black                         atl22
klor8a     AustereSSi                                   aus1
klob8a     AustereSSi-Bold                              aus2
kloi8a     AustereSSi-ExtraLight                        aus3
klol8a     AustereSSi-Light                             aus4
kloc8a     AustereSSi-Black                             aus5
kmhb8a     AutomatonCapsSSi                             aut1
kmhr8a     AutomatonCapsSSi-Light                       aut2
kggr8a     AxiomaticSSi                                 ax1
kggri8a    AxiomaticSSi-Italic                          ax2
kggb8a     AxiomaticSSi-Bold                            ax3
kggbi8a    AxiomaticSSi-BoldItalic                      ax4
kggx8a     AxiomaticSSi-ExtraBold                       ax5
kggc8a     AxiomaticSSi-Black                           ax6
kggr8ac    AxiomaticSSi-Condensed                       ax7
kggbr8ac   AxiomaticSSi-BoldCondensed                   ax8
kdcr8a     BangaSSi                                     banga
kblm8a     BarristerSSi                                 barr1
kblb8a     BarristerSSi-Bold                            barr2
kblr8ac    BarristerSSi-Condensed                       barr3
kbll8a     BarristerSSi-Light                           barr4
knbr8a     BaskervilleSSi                               bask1
knbri8a    BaskervilleSSi-Italic                        bask2
knbs8a     BaskervilleSSi-SemiBold                      bask3
knbsi8a    BaskervilleSSi-SemiBoldItalic                bask4
knbl8a     BaskervilleSSi-Light                         bask5
knbli8a    BaskervilleSSi-LightItalic                   bask6
knbb8a     BaskervilleSSi-Bold                          bask7
knbbi8a    BaskervilleSSi-BoldItalic                    bask8
knbrc8a    BaskervilleSSi-SmallCaps                     bask9
knbbc8a    BaskervilleSSi-BoldSmallCaps                 bask10
knbri7d    BaskervilleSSi-ItalicOldStyleFigures         bask11
knbbi7d    BaskervilleSSi-BoldItalicOldStyleFigures     bask12
kftrf8a    BaubleSSiBlack                               bauble
ktvr8a     BlackfordSSi                                 black1
ktvri8a    BlackfordSSi-Italic                          black2
ktvb8a     BlackfordSSi-Bold                            black3
ktvbi8a    BlackfordSSi-BoldItalic                      black4
ktvrc8a    BlackfordSSi-SmallCaps                       black5
ktvri7d    BlackfordSSi-ItalicOldStyleFigures           black6
ktvbi7d    BlackfordSSi-BoldOldStyleFigures             black7
kaab8a     BlocSSiBold                                  bloc
kbdr8a     BodoniSSi                                    bodo1
kbdk8a     BodoniSSi-Book                               bodo10
kbdb8ac    BodoniSSi-BoldCondensed                      bodo11
kbdri8a    BodoniSSi-Italic                             bodo2
kbdb8a     BodoniSSi-Bold                               bodo3
kbdbi8a    BodoniSSi-BoldItalic                         bodo4
kbdp8a     BodoniSSi-Poster                             bodo5
kbdki8a    BodoniSSi-BookItalic                         bodo7
kbdpi8a    BodoniSSi-PosterItalic                       bodo6
kbdc8a     BodoniSSi-PosterBold                         bodo8
kbdp8ap    BodoniSSi-PosterCondensed                    bodo9
kubr8a     BodoniRecutSSi                               bodre1
kubb7d     BodoniRecutSSi-BoldOldStyleFigures           bodre10
kubbi7d    BodoniRecutSSi-BoldItalicOldStyleFigures     bodre11
kubc8a     BodoniRecutSSi-Black                         bodre12
kubci8a    BodoniRecutSSi-BlackItalic                   bodre13
kubc8ac    BodoniRecutSSi-BlackCondensed                bodre14
kubri8a    BodoniRecutSSi-Italic                        bodre2
kubb8a     BodoniRecutSSi-Bold                          bodre3
kubbi8a    BodoniRecutSSi-BoldItalic                    bodre4
kubb8ac    BodoniRecutSSi-BoldCondensed                 bodre7
kubrc8a    BodoniRecutSSi-SmallCaps                     bodre8
kubri7d    BodoniRecutSSi-ItalicOldStyleFigures         bodre9
khbr8a     BoffoSSi                                     bof
kspm8a     BoostSSi                                     boos1
kspmo8a    BoostSSi-Italic                              boos2
kspb8a     BoostSSi-Bold                                boos3
kspbo8a    BoostSSi-BoldItalic                          boos4
kspl8a     BoostSSi-Light                               boos5
ksplo8a    BoostSSi-LightItalic                         boos6
ksrrw      BravoScriptSSi                               bravo
kiwr8a     CantinaSSi                                   cant1
kiwr8ax    CantinaSSi-SemiExpanded                      cant2
krtr8a     CartographerSSi                              carto1
krtl8a     CartographerSSi-Light                        carto2
kcer8a     CenturyRepriseSSi                            cenre1
kceri7d    CenturyRepriseSSi-ItalicOldStyleFigures      cenre10
kceb7d     CenturyRepriseSSi-BoldOldStyleFigures        cenre11
kcebi7d    CenturyRepriseSSi-BoldItalicOldStyleFigure   cenre12
kcec7d     CenturyRepriseSSi-BlackOldStyleFigures       cenre13
kceci7d    CenturyRepriseSSi-BlackItalicOldStyleFigur   cenre14
kcelc8a    CenturyRepriseSSi-LightSmallCaps             cenre15
kceli7d    CenturyRepriseSSi-LightItalicOldStyleFigur   cenre16
kceri8a    CenturyRepriseSSi-Italic                     cenre2
kceb8a     CenturyRepriseSSi-Bold                       cenre3
kcebi8a    CenturyRepriseSSi-BoldItalic                 cenre4
kceci8a    CenturyRepriseSSi-BlackItalic                cenre6
kcel8a     CenturyRepriseSSi-Light                      cenre7
kceli8a    CenturyRepriseSSi-LightItalic                cenre8
kcerc8a    CenturyRepriseSSi-SmallCaps                  cenre9
kcur8a     CenturyRetrospectiveSSi                      cenret1
kcuri8a    CenturyRetrospectiveSSi-Italic               cenret2
kcus8a     CenturyRetrospectiveSSi-SemiBold             cenret3
kcub8a     CenturyRetrospectiveSSi-Bold                 cenret4
kcul8a     CenturyRetrospectiveSSi-Light                cenret5
kculi8a    CenturyRetrospectiveSSi-LightItalic          cenret6
kcsr8a     CenturySchoolbookSSi                         censch1
kcsri8a    CenturySchoolbookSSi-Italic                  censch2
kcsb8a     CenturySchoolbookSSi-Bold                    censch3
kcsbi8a    CenturySchoolbookSSi-BoldItalic              censch4
kncr8a     CenturySchoolbookRepriseSSi                  censr1
kncri8a    CenturySchoolbookRepriseSSi-Italic           censr2
kncb8a     CenturySchoolbookRepriseSSi-Bold             censr3
kncbi8a    CenturySchoolbookRepriseSSi-BoldItalic       censr4
kncr7f     CenturySchoolbookRepriseSSi-Fractions        censr5
kncb7f     CenturySchoolbookRepriseSSi-FractionsBold    censr6
kexr8a     CentricSSi                                   centr1
kexb8a     CentricSSiBold                               centr3
kexli8a    CentricSSi-LightItalic                       centr4
kzcr8a     ChanceryScriptSSi                            chan1
kzcri8a    ChanceryScriptSSi-Italic                     chan2
kzcd8a     ChanceryScriptSSi-SemiBold                   chan3
kzcl8a     ChanceryScriptSSiLight                       chan4
kzcli8a    ChanceryScriptSSi-LightItalic                chan5
kzcm8a     ChanceryScriptSSi-Medium                     chan6
kzcmi8a    ChanceryScriptSSi-MediumItalic               chan7
kzcb8a     ChanceryScriptSSi-Bold                       chan8
kzdrp      ChanceryOrnamentsSSi                         chano
kcqr       ChessSSi                                     chess
krvr8a     ChorusLineSSi-Bold                           chor1
krvrh8a    ChorusLineShadowSSi                          chor2
kipr8a     ClassicSSi                                   cla1
kipri8a    ClassicSSi-Italic                            cla2
kipb8a     ClassicSSi-Bold                              cla3
klnr8a     ClerestorySSi                                clere
kmtk8a     ClericSSi                                    cleri1
kmtki8a    ClericSSi-Italic                             cleri2
kmtb8a     ClericSSi-Bold                               cleri3
kmtbi8a    ClericSSi-BoldItalic                         cleri4
kmtc8a     ClericSSi-Black                              cleri5
kmtci8a    ClericSSi-BlackItalic                        cleri6
kmtl8a     ClericSSi-Light                              cleri7
kmtli8a    ClericSSi-LightItalic                        cleri8
kmdr8a     CoherentSSi                                  coh1
kmdri8a    CoherentSSi-Italic                           coh2
kmdb8a     CoherentSSi-Bold                             coh3
kmdbi8a    CoherentSSi-BoldItalic                       coh4
kmdm8a     CoherentSSi-Medium                           coh5
kmdmi8a    CoherentSSi-MediumItalic                     coh6
ktgr8a     CommerceSSi                                  comm1
ktgro8ac   CommerceSSi-CondensedItalic                  comm10
ktgs8ac    CommerceSSi-SemiBoldCondensed                comm11
ktgso8ac   CommerceSSi-SemiBoldCondensedItalic          comm12
ktgb8ac    CommerceSSi-BoldCondensed                    comm13
ktgbo8ac   CommerceSSi-BoldCondensedItalic              comm14
ktgro8a    CommerceSSi-Italic                           comm2
ktgs8a     CommerceSSi-SemiBold                         comm3
ktgso8a    CommerceSSi-SemiBoldItalic                   comm4
ktgl8a     CommerceSSi-Light                            comm5
ktglo8a    CommerceSSi-LightItalic                      comm6
ktgb8a     CommerceSSi-Bold                             comm7
ktgbo8a    CommerceSSi-BoldItalic                       comm8
kfnr8a     CompendiumSSi                                compe1
kfnro8a    CompendiumSSiItalic                          compe2
kfnb8a     CompendiumSSiBold                            compe3
kfnbo8a    CompendiumSSiBoldItalic                      compe4
kfnl8a     CompendiumSSi-Light                          compe5
kfnlo8a    CompendiumSSi-LightItalic                    compe6
kfnu8a     CompendiumBlackSSiBlack                      compe7
kfnuo8a    CompendiumBlackSSiBlackItalic                compe8
kfnk8a     CompendiumSSi-Book                           compe9
kppr8a     CompleatSSi                                  compl1
kppri8a    CompleatSSi-Italic                           compl2
kppb8a     CompleatSSi-Bold                             compl3
kppbi8a    CompleatSSi-BoldItalic                       compl4
khvr8a     ContextSSi                                   con1
khvr7f     ContextSSi-Fractions                         con10
khvb7f     ContextSSi-FractionsBold                     con11
khir8a     ContextInseratSSi                            con12
khvr8ac    ContextSSi-Condensed                         con13
khvro8ac   ContextSSi-CondensedItalic                   con14
khvb8ac    ContextSSi-BoldCondensed                     con15
khvbo8ac   ContextSSi-BoldCondensedItalic               con16
khvl8ac    ContextSSi-LightCondensed                    con17
khvlo8ac   ContextSSi-LightCondensedItalic              con18
khvc8ac    ContextSSi-BlackCondensed                    con19
khvro8a    ContextSSi-Italic                            con2
khvco8ac   ContextSSi-BlackCondensedItalic              con20
khvr8an    ContextSSi-SemiCondensed                     con21
khvr8aq    ContextSSi-ExtraCondensed                    con22
khvro8an   ContextSSi-ExtraCondensedItalic              con23
khvb8ap    ContextExtraCondensedSSiBoldExtraCondensed   con24
khvbo8an   ContextExtraCondensedSSiBoldExtraCondensedItalic con25
khvr8au    ContextSSi-UltraCondensed                    con26
khvb8an    ContextSSi-BoldUltraCondensed                con27
khvl8ac    ContextSSi-LightExtraCondensed               con28
khvb8a     ContextSSi-Bold                              con3
khvbo8a    ContextSSi-BoldItalic                        con4
khvl8a     ContextSSi-Light                             con5
khvlo8a    ContextSSi-LightItalic                       con6
khvj8a     ContextSSi-ExtraLight                        con7
khvc8a     ContextBlackSSiBlack                         con8
khvco8a    ContextBlackSSiBlackItalic                   con9
ksor1      ConcertoSSi                                  conc
knfm8a     ConquistaSSi                                 conq1
knfmi8a    ConquistaSSi-Italic                          conq2
knfli8a    ConquistaSSi-LightItalic                     conq3
khnr8a     ContextRepriseSSi                            conre1
khnmo8a    ContextRepriseSSi-MediumItalic               conre10
khnj8a     ContextRepriseSSi-ExtraLight                 conre11
khnjo8a    ContextRepriseSSi-ExtraLightItalic           conre12
khnl8a     ContextRepriseSSi-Light                      conre13
khnlo8a    ContextRepriseSSi-LightItalic                conre14
khna8a     ContextRepriseSSi-Thin                       conre15
khnao8a    ContextRepriseSSi-ThinItalic                 conre16
khnr8ac    ContextRepriseSSi-Condensed                  conre17
khnro8ac   ContextRepriseSSi-CondensedItalic            conre18
khnb8ac    ContextRepriseSSi-BoldCondensed              conre19
khnro8a    ContextRepriseSSi-Italic                     conre2
khnbo8ac   ContextRepriseSSi-BoldCondensedItalic        conre20
khnh8ac    ContextRepriseSSi-ExtraBoldCondensed         conre21
khnho8ac   ContextRepriseSSi-ExtraBoldCondensedItalic   conre22
khnc8ac    ContextRepriseSSi-BlackCondensed             conre23
khnco8ac   ContextRepriseSSi-BlackCondensedItalic       conre24
khnx8ac    ContextRepriseSSi-ExtraBlackCondensed        conre25
khnxo8ac   ContextRepriseSSi-ExtraBlackCondensedItali   conre26
khnm8ac    ContextRepriseSSi-MediumCondensed            conre27
khnmo8ac   ContextRepriseSSi-MediumCondensedItalic      conre28
khnl8ac    ContextRepriseSSi-LightCondensed             conre29
khnb8a     ContextRepriseSSi-Bold                       conre3
khnlo8ac   ContextRepriseSSi-LightCondensedItalic       conre30
khnj8ac    ContextRepriseSSi-ExtraLightCondensed        conre31
khnjo8ac   ContextRepriseSSi-ExtraLightCondensedItali   conre32
khna8ac    ContextRepriseSSi-ThinCondensed              conre33
khnao8ac   ContextRepriseSSi-ThinCondensedItalic        conre34
khnr8ax    ContextRepriseSSi-Expanded                   conre35
khnro8ax   ContextRepriseSSi-ExpandedItalic             conre36
khnb8ax    ContextRepriseSSi-BoldExpanded               conre37
khnbo8ax   ContextRepriseSSiBoldExpandedItalic          conre38
khnh8ax    ContextRepriseSSi-ExtraBoldExpanded          conre39
khnbo8a    ContextRepriseSSiBoldItalic                  conre4
khnho8ax   ContextRepriseSSi-ExtraBoldExpandedItalic    conre40
khnc8ax    ContextRepriseSSi-BlackExpanded              conre41
khnco8ax   ContextRepriseSSi-BlackExpandedItalic        conre42
khnm8ax    ContextRepriseSSi-MediumExpanded             conre43
khnmo8ax   ContextRepriseSSi-MediumExpandedItalic       conre44
khnl8ax    ContextRepriseSSi-LightExpanded              conre45
khnlo8ax   ContextRepriseSSi-LightExpandedItalic        conre46
khnj8ax    ContextRepriseSSi-ExtraLightExpanded         conre47
khnjo8ax   ContextRepriseSSi-ExtraLightExpandedItalic   conre48
khna8ax    ContextRepriseSSi-ThinExpanded               conre49
khnh8a     ContextRepriseSSi-ExtraBold                  conre5
khnao8ax   ContextRepriseSSi-ThinExpandedItalic         conre50
khnco8a    ContextRepriseSSi-BlackItalic                conre6
khnc8a     ContextRepriseSSi-Black                      conre7
khnx8a     ContextRepriseSSi-ExtraBlack                 conre8
khnm8a     ContextRepriseSSi-Medium                     conre9
khrb8a     ContextRoundedSSi-Bold                       conro1
khrbo8a    ContextRoundedSSi-BoldItalic                 conro2
khrc8a     ContextRoundedSSi-Black                      conro3
khrco8a    ContextRoundedSSi-BlackItalic                conro4
khrb8ac    ContextRoundedSSi-BoldCondensed              conro5
khrbo8ac   ContextRoundedSSi-BoldCondensedItalic        conro6
kcbc8a     CooperSSiBlack                               coop1
kcbx8a     CooperSSi-ExtraBlack                         coop2
kcbxi8a    CooperSSi-ExtraBlackItalic                   coop3
kcbci8a    CooperSSiBlackItalic                         coop4
kcpr8a     CopperplateSSi                               coper1
kcpb8a     CopperplateSSiBold                           coper2
kcpl8a     CopperplateLightSSiLight                     coper3
kcpr8ac    CopperplateCondensedSSiCondensed             coper4
kcpb8ac    CopperplateCondensedSSiBoldCondensed         coper5
kcpl8ac    CopperplateLightCondensedSSiLightCondensed   coper6
kcpr8ao    CopperplateSSi-ExtraCondensed                coper7
kcpb8ao    CopperplateSSi-BoldExtraCondensed            coper8
kcpx8ac    CopperplateSSi-BlackCondensed                coper9
kotr8a     CoronetScriptSSi                             coron1
kotri8a    CoronetScriptSSi-Italic                      coron2
kbrr8a     CortexSSi                                    cort1
kbrri8a    CortexSSi-Italic                             cort2
kbrb8a     CortexSSi-Bold                               cort3
kbrbi8a    CortexSSi-BoldItalic                         cort4
kamr8a     CountrysideSSi                               countr1
kamri8a    CountrysideSSiItalic                         countr2
kamb8a     CountrysideSSiBold                           countr3
kamx8a     CountrysideBlackSSiExtraBold                 countr4
kpgl8a     CremeSSiLight                                crem1
kpgd8a     CremeSSiSemiBold                             crem2
kpgb8a     CremeBlackSSiBold                            crem3
kplr8a     CriteriaSSi                                  crit1
kplri8a    CriteriaSSi-Italic                           crit2
kplb8a     CriteriaSSi-Bold                             crit3
kplbi8a    CriteriaSSi-BoldItalic                       crit4
kplrc8a    CriteriaSSi-SmallCaps                        crit5
kplri7d    CriteriaSSi-ItalicOldStyleFigures            crit6
kplb7d     CriteriaSSi-BoldOldStyleFigures              crit7
kplbi7d    CriteriaSSiBoldItalicOldStyleFigures         crit8
kaor8a     DecadeSSi                                    deca1
kaoc8ac    DecadeBlackCondensedSSiBlackCondensed        deca10
kaori8a    DecadeSSiItalic                              deca2
kaob8a     DecadeSSiBold                                deca3
kaol8a     DecadeLightSSiLight                          deca4
kaoc8a     DecadeBlackSSiBlack                          deca5
kaoh8ax    DecadeBlackSSiExtraBlack                     deca6
kaohi8ax   DecadeSSi-ExtraBlackItalic                   deca7
kaor8an    DecadeSSi-Condensed                          deca8
kaob8ac    DecadeSSi-BoldCondensed                      deca9
kssr8a     DeutchSSi                                    deu1
kssci8a    DeutchSSi-BlackItalic                        deu10
kssri8a    DeutchSSi-Italic                             deu2
kssb8a     DeutchSSi-Bold                               deu3
kssbi8a    DeutchSSi-BoldItalic                         deu4
kssm8a     DeutchSSi-Medium                             deu5
kssmi8a    DeutchSSi-MediumItalic                       deu6
kssl8a     DeutchSSi-Light                              deu7
kssli8a    DeutchSSi-LightItalic                        deu8
kssc8a     DeutchSSi-Black                              deu9
kbhm8a     DynameSSi                                    dyna1
kbhd8a     DynameSSi-SemiBold                           dyna2
kbhb8a     DynameBlackSSiBold                           dyna3
kbhh8a     DynameBlackSSiExtraBold                      dyna4
kbhl8a     DynameLightSSiLight                          dyna5
ksyrk      EisagoGreekSSi                               eisago1
ksyrn      EisagoNewsSSi                                eisago2
kwwr8a     ElvenSSiLight                                elven
kitk8a     EnsembleSSi                                  ens1
kitb8a     EnsembleSSiBold                              ens2
kitm8a     EnsembleMediumSSiMedium                      ens3
kbgk8a     ExpressDecoSSi                               exdec1
kbgb8a     ExpressDecoSSiBold                           exdec2
kugm8a     ExpressDecoGothicSSi                         exdeg1
kugmo8a    ExpressDecoGothicSSiItalic                   exdeg2
kugb8a     ExpressDecoGothicSSiBold                     exdeg3
kugbo8a    ExpressDecoGothicSSiBoldItalic               exdeg4
kugk8a     ExpressDecoGothicLightSSiBook                exdeg5
kugko8a    ExpressDecoGothicLightSSiNormal              exdeg6
kugh8a     ExpressDecoGothicBlackSSiBlack               exdeg7
kugho8a    ExpressDecoGothicBlackSSiBlackItalic         exdeg8
kavr8a     ExpoSSi                                      expo1
kavlo8a    ExpoSSi-LightItalic                          expo10
kavc8a     ExpoSSi-Black                                expo11
kavco8a    ExpoSSi-BlackItalic                          expo12
kavro8a    ExpoSSi-Italic                               expo2
kavh8a     ExpoSSi-Bold                                 expo3
kavho8a    ExpoSSi-BoldItalic                           expo4
kavk8a     ExpoSSi-Book                                 expo5
kavko8a    ExpoSSi-BookItalic                           expo6
kavm8a     ExpoSSi-Medium                               expo7
kavmo8a    ExpoSSi-MediumItalic                         expo8
kavl8a     ExpoSSi-Light                                expo9
kuwk8a     ExpositionSSi                                expos1
kuwki8a    ExpositionSSi-Italic                         expos2
kuwb8a     ExpositionSSi-Bold                           expos3
kuwbi8a    ExpositionSSi-BoldItalic                     expos4
kuwm8a     ExpositionSSi-Medium                         expos5
kuwmi8a    ExpositionSSi-MediumItalic                   expos6
kuwc8a     ExpositionSSi-Black                          expos7
kuwci8a    ExpositionSSi-BlackItalic                    expos8
kazr8a     ExpressSSi                                   expr1
kazb8a     ExpressSSi-Bold                              expr2
kazl8a     ExpressSSi-Light                             expr3
kazc8a     ExpressSSi-Black                             expr4
kdrb8a     ExtensSSiBold                                extens
ksxr8a     FacileSSi                                    faci1
ksxri8a    FacileSSi-Italic                             faci2
ksxb8a     FacileSSi-Bold                               faci3
ksxu8a     FacileSSi-ExtraBold                          faci4
ksxc8a     FacileSSi-Black                              faci5
kpi002     FormatPiOneSSi                               form1
kpi003     FormatPiTwoSSi                               form2
kpi004     FormatPiThreeSSi                             form3
kg3r8a     GaramondRepriseSSi                           gare1
kg3ri8a    GaramondRepriseSSi-Italic                    gare2
kg3b8a     GaramondRepriseSSi-Bold                      gare3
kg3bi8a    GaramondRepriseSSi-BoldItalic                gare4
kg3rc8a    GaramondRepriseSSi-SmallCaps                 gare5
kg3ri7d    GaramondRepriseSSi-ItalicOldStyleFigures     gare6
kg3bc8a    GaramondRepriseSSi-BoldSmallCaps             gare7
kg3bi7d    GaramondRepriseSSi-BoldItalicOldStyleFigur   gare8
kg9r8a     GaramondRetrospectiveSSi                     garet1
kg9ri8a    GaramondRetrospectiveSSi-Italic              garet2
kg9b8a     GaramondRetrospectiveSSi-Bold                garet3
kg9bi8a    GaramondRetrospectiveSSi-BoldItalic          garet4
kg9rc7d    GaramondRetrospectiveOldStyleSSiSmallCaps    garet5
kg9ri7d    GaramondRetrospectiveSSi-ItalicOldStyleFig   garet6
kg9b7d     GaramondRetrospectiveSSi-BoldOldStyleFigur   garet7
kg9bi7d    GaramondRetrospectiveSSi-BoldItalicOldStyl   garet8
kgsr8a     GillSSi                                      gill1
kgsb8ac    GillSSi-BoldCondensed                        gill10
kgsu8ac    GillSSi-BlackCondensed                       gill11
kgsri8a    GillSSi-Italic                               gill2
kgsb8a     GillSSi-Bold                                 gill3
kgsbi8a    GillSSi-BoldItalic                           gill4
kgsx8a     GillBlackSSiExtraBold                        gill5
kgsu8a     GillBlackSSiBlack                            gill6
kgsl8a     GillLightSSiLight                            gill7
kgsli8a    GillLightSSiLightItalic                      gill8
kgsr8ac    GillSSi-Condensed                            gill9
khgk8a     GlossarySSi                                  glo1
khgki8a    GlossarySSiItalic                            glo2
khgb8a     GlossarySSiBold                              glo3
khgbi8a    GlossarySSiBoldItalic                        glo4
khgm8a     GlossaryMediumSSiMedium                      glo5
khgmi8a    GlossaryMediumSSiMediumItalic                glo6
khgc8a     GlossaryBlackSSiBlack                        glo7
khgci8a    GlossaryBlackSSiBlackItalic                  glo8
kgor8a     GoudyRetrospectiveSSi                        gour1
kgori8a    GoudyRetrospectiveSSi-Italic                 gour2
kgob8a     GoudyRetrospectiveSSi-Bold                   gour3
kcxk8a     GrammateusSSi                                gram1
kcxki8a    GrammateusSSiItalic                          gram2
kcxb8a     GrammateusSSiBold                            gram3
kcxbi8a    GrammateusSSiBoldItalic                      gram4
kcxl8a     GrammateusLightSSiLight                      gram5
kcxli8a    GrammateusLightSSiLightItalic                gram6
ktmr8a     GrecoSSi-Roman                               gre1
ktml8a     GrecoSSi-Light                               gre10
ktmli8a    GrecoSSi-LightItalic                         gre11
ktmrc8a    GrecoSSi-RomanSmallCaps                      gre12
ktmri7d    GrecoSSi-ItalicOldStyleFigures               gre13
ktmbc8a    GrecoSSi-BoldSmallCaps                       gre14
ktmbi7d    GrecoSSi-BoldItalicOldStyleFigures           gre15
ktmri8a    GrecoSSi-Italic                              gre2
ktms8a     GrecoSSi-SemiBold                            gre3
ktmsi8a    GrecoSSi-SemiBoldItalic                      gre4
ktmb8a     GrecoSSi-Bold                                gre5
ktmbi8a    GrecoSSi-BoldItalic                          gre6
ktmx8a     GrecoSSi-ExtraBold                           gre7
knsr8a     GrecoRecutSSi                                grere1
knsri8a    GrecoRecutSSi-Italic                         grere2
knsb8a     GrecoRecutSSi-Bold                           grere3
knsbi8a    GrecoRecutSSi-BoldItalic                     grere4
kttr8a     GrecoTenSSi                                  grete1
kttri8a    GrecoTenSSi-Italic                           grete2
kttb8a     GrecoTenSSi-Bold                             grete3
kttbi8a    GrecoTenSSi-BoldItalic                       grete4
kttr7d     GrecoTenSSi-OldStyleFigures                  grete5
kttri7d    GrecoTenSSi-ItalicOldStyleFigures            grete6
kttb7d     GrecoTenSSi-BoldOldStyleFigures              grete7
kttbi7d    GrecoTenSSi-BoldItalicOldStyleFigures        grete8
kter8a     GrecoEuropaSSi                               greu1
kteri8a    GrecoEuropaSSi-Italic                        greu2
kteb8a     GrecoEuropaSSi-Bold                          greu3
ktebi8a    GrecoEuropaSSi-BoldItalic                    greu4
ktjr8a     HeliosSSi                                    heli1
ktjb8a     HeliosSSi-Bold                               heli2
kjpr8a     HubbubSSi                                    hub1
kjpb8a     HubbubSSi-Bold                               hub2
kocr8a     InformaticsSSi                               info1
kocri8a    InformaticsSSi-Italic                        info2
kocb8a     InformaticsSSi-Bold                          info3
kocbi8a    InformaticsSSi-BoldItalic                    info4
kpi001     InFractionSSi                                infra
kmxr8a     IngenioSSi                                   ingen
klcr8a     InsightSSi                                   insi1
klcri8a    InsightSSi-Italic                            insi2
klcb8a     InsightSSi-Bold                              insi3
klcbi8a    InsightSSi-BoldItalic                        insi4
klcrv      InsightMathSSi-Extension                     insim1
klcry      InsightMathSSi-Symbol                        insim3
klcrm      InsightMathSSi-Italic                        insim4
klcrs8a    InsightSansSSi                               insis1
klcrsi8a   InsightSansSSi-Italic                        insis2
klcbs8a    InsightSansSSi-Bold                          insis3
klcbsi8a   InsightSansSSi-BoldItalic                    insis4
kgpr8a     InstallationSSi                              inst1
kgplo8a    InstallationSSi-LightItalic                  inst10
kgpro8a    InstallationSSiItalic                        inst2
kgpb8a     InstallationSSiBold                          inst3
kgpbo8a    InstallationSSiBoldItalic                    inst4
kgpc8a     InstallationBlackSSiBlack                    inst5
kgpco8a    InstallationSSi-BlackItalic                  inst6
kgpa8a     InstallationSSi-Thin                         inst7
kgpao8a    InstallationSSi-ThinItalic                   inst8
kgpl8a     InstallationSSi-Light                        inst9
kopr8a     InterfaceSSi                                 inte1
kopro8a    InterfaceSSiItalic                           inte2
kopb8a     InterfaceSSiBold                             inte3
kopbo8a    InterfaceSSiBoldItalic                       inte4
kcdr8a     IntroitSSi                                   intro1
kcdb8a     IntroitSSi-Bold                              intro2
kcdl8a     IntroitSSi-Light                             intro3
kkrr8a     IntuitionSSi                                 intu1
kkrri8a    IntuitionSSiItalic                           intu2
kkrb8a     IntuitionSSiBold                             intu3
kkrbi8a    IntuitionSSiBoldItalic                       intu4
kmpm8a     JaakSSiMedium                                jaa1
kmpmi8a    JaakSSiItalic                                jaa2
kmpb8a     JaakSSiBold                                  jaa3
kmpbi8a    JaakSSiBoldItalic                            jaa4
kmpl8a     JaakLightSSiLight                            jaa5
kmpli8a    JaakLightSSiLightItalic                      jaa6
kmpx8a     JaakBlackSSiExtraBold                        jaa7
kjnr8a     JansonSSi                                    jan1
kjnri8a    JansonSSi-Italic                             jan2
kjnb8a     JansonSSi-Bold                               jan3
kjnbi8a    JansonSSi-BoldItalic                         jan4
kjnrc8a    JansonSSi-SmallCaps                          jan5
kjnri7d    JansonSSi-ItalicOldStyleFigures              jan6
kjnb7d     JansonSSi-BoldOldStyleFigures                jan7
kjnbi7d    JansonSSi-BoldItalicOldStyleFigures          jan8
ki0rw      JournalScriptSSi                             jour
kiar8a     KernelSSi                                    ker1
kiara8a    KernelSSi-Alternate                          ker2
katm8a     KeyboardSSiMedium                            keyb1
katra8ac   KeyboardSSi-CondensedAlternate               keyb10
katba8ac   KeyboardSSi-BoldCondensedAlternate           keyb11
katla8a    KeyboardSSi-LightCondensedAlternate          keyb12
katrd8a    KeyboardDisplaySSi                           keyb13
katb8a     KeyboardSSiBold                              keyb2
katl8a     KeyboardSSi-Light                            keyb3
katma8a    KeyboardSSi-Alternate                        keyb4
katba8a    KeyboardSSi-BoldAlternate                    keyb5
katla8a    KeyboardSSi-LightAlternate                   keyb6
katr8ac    KeyboardSSi-Condensed                        keyb7
katb8ac    KeyboardSSi-BoldCondensed                    keyb8
katl8ac    KeyboardSSi-LightCondensed                   keyb9
kper8a     KeyboardEliteSSi                             keyel1
kpero8a    KeyboardEliteSSi-Italic                      keyel2
kpeb8a     KeyboardEliteSSi-Bold                        keyel3
kpebo8a    KeyboardEliteSSi-BoldItalic                  keyel4
kfur8a     KudosSSi                                     kudo1
kful8a     KudosSSi-Light                               kudo10
kfulo8a    KudosSSi-LightItalic                         kudo11
kfuc8a     KudosSSi-Poster                              kudo12
kfuk8a     KudosBookSSiBook                             kudo13
kfuko8a    KudosBookSSiBookItalic                       kudo14
kfur8ac    KudosCondensedSSiCondensed                   kudo15
kfuro8ac   KudosCondensedSSiCondensedItalic             kudo16
kfub8ac    KudosBlackCondensedSSiBoldCondensed          kudo19
kfuro8a    KudosSSiItalic                               kudo2
kfubo8ac   KudosBlackCondensedSSiBoldCondensedItalic    kudo20
kfux8ac    KudosSSi-ExtraBoldCondensed                  kudo21
kful8ac    KudosSSi-LightCondensed                      kudo25
kfulo8ac   KudosSSi-LightCondensedItalic                kudo26
kfub8a     KudosSSiBold                                 kudo3
kfubo8a    KudosSSiBoldItalic                           kudo4
kfux8a     KudosBlackSSiExtraBold                       kudo6
kfuxo8a    KudosBlackSSiExtraBoldItalic                 kudo7
kfuh8a     KudosSSi-Black                               kudo8
kfuho8a    KudosSSi-BlackItalic                         kudo9
kbbr8a     KuriakosSSi                                  kurio1
kbbri8a    KuriakosSSi-Italic                           kurio2
kbbs8a     KuriakosSSi-SemiBold                         kurio3
kbbsi8a    KuriakosSSi-SemiBoldItalic                   kurio4
kbbb8a     KuriakosSSi-Bold                             kurio5
kbbbi8a    KuriakosSSi-BoldItalic                       kurio6
kbbx8a     KuriakosSSi-ExtraBold                        kurio7
kbbxi8a    KuriakosSSi-ExtraBoldItalic                  kurio8
kfom8a     LayoutSSi                                    lay1
kfob8a     LayoutSSi-Bold                               lay2
kfox8a     LayoutSSi-Black                              lay3
kfol8a     LayoutSSi-Light                              lay4
kfob8ac    LayoutSSi-BoldCondensed                      lay5
kror8a     LibreSerifSSi                                lib1
krori8a    LibreSerifSSi-Italic                         lib2
krob8a     LibreSerifSSi-Bold                           lib3
krors8a    LibreSansSerifSSi                            libsa1
kroris8a   LibreSansSerifSSi-Italic                     libsa2
krobs8a    LibreSansSerifSSi-Bold                       libsa3
krols8a    LibreSansSerifSSi-Light                      libsa4
krolis8a   LibreSansSerifSSi-LightItalic                libsa5
kroxs8a    LibreSansSerifSSi-ExtraBold                  libsa6
kr1rs8a    LibreSemiSansSSi                             libse1
kr1ris8a   LibreSemiSansSSi-Italic                      libse2
kr1bs8a    LibreSemiSansSSi-Bold                        libse3
kr1ls8a    LibreSemiSansSSi-Light                       libse4
kr1lis8a   LibreSemiSansSSi-LightItalic                 libse5
kr1xs8a    LibreSemiSansSSi-ExtraBold                   libse6
kr1r8a     LibreSemiSerifSSi                            libss1
kr1b8a     LibreSemiSerifSSi-Bold                       libss2
konr8a     LockupSSi                                    lock1
konri8a    LockupSSi-Italic                             lock2
konb8a     LockupSSi-Bold                               lock3
komr8a     MacedonSSi                                   maced
kngr8a     MacroSSi                                     macr1
kngro8a    MacroSSiItalic                               macr2
kngb8a     MacroSSiBold                                 macr3
kngbo8a    MacroSSiBoldItalic                           macr4
kngc8a     MacroSSi-Black                               macr5
kngco8a    MacroSSi-BlackItalic                         macr6
ktkr8a     ManualSSi                                    manu1
ktkro8a    ManualSSiItalic                              manu2
ktkb8a     ManualSSiBold                                manu3
ktkbo8a    ManualSSiBoldItalic                          manu4
kcir8a     MatiqueSSi                                   matiq1
kcib8a     MatiqueSSi-Bold                              matiq2
khmbw      MemoScriptSSi                                memo
kstrn8a    MesouranCasualSSi                            mesca1
kstrin8a   MesouranCasualSSi-Italic                     mesca2
kstsn8a    MesouranCasualSSi-SemiBold                   mesca3
kstsin8a   MesouranCasualSSi-SemiBoldItalic             mesca4
kstbn8a    MesouranCasualSSi-Bold                       mesca5
kstbin8a   MesouranCasualSSi-BoldItalic                 mesca6
kstrs8a    MesouranSansSSi                              messa1
kstris8a   MesouranSansSSi-Italic                       messa2
kstss8a    MesouranSansSSi-SemiBold                     messa3
kstsis8a   MesouranSansSSi-SemiBoldItalic               messa4
kstbs8a    MesouranSansSSi-Bold                         messa5
kstbis8a   MesouranSansSSi-BoldItalic                   messa6
kstr8a     MesouranSerifSSi                             messe1
kstri8a    MesouranSerifSSi-Italic                      messe2
ksts8a     MesouranSerifSSi-SemiBold                    messe3
kstb8a     MesouranSerifSSi-Bold                        messe4
kstsi8a    MesouranSerifSSi-SemiBoldItalic              messe5
kstbi8a    MesouranSerifSSi-BoldItalic                  messe6
ksfr8a     MetronSSi                                    metr1
ksfri8a    MetronSSi-Italic                             metr2
ksfb8a     MetronSSi-Bold                               metr3
ksfl8a     MetronSSi-Light                              metr4
ksfli8a    MetronSSi-LightItalic                        metr5
ksfc8a     MetronSSi-Black                              metr6
kpmicr     MICRSSi                                      micr
klgr8a     MicrofineSSi                                 micro1
klgro8a    MicrofineSSi-Italic                          micro2
klgb8a     MicrofineSSi-Bold                            micro3
klgbo8a    MicrofineSSi-BoldItalic                      micro4
kesr8a     MinimaSSi                                    minima1
kesro8a    MinimaSSi-Italic                             minima2
kesb8a     MinimaSSi-Bold                               minima3
kesbo8a    MinimaSSi-BoldItalic                         minima4
kesr8ax    MinimaSSi-Expanded                           minima5
kesro8ax   MinimaSSi-ExpandedItalic                     minima6
kesb8ax    MinimaSSi-BoldExpanded                       minima7
kesbo8a    MinimaSSi-BoldItalic                         minima8
kwsr8a     MissiveSSi                                   miss1
kwsri8a    MissiveSSi-Italic                            miss2
kwsb8a     MissiveSSi-Bold                              miss3
kwsx8a     MissiveSSi-ExtraBold                         miss4
klnrw      MonasteryScriptSSi                           mona
kb7r8a     MonitorSSi                                   moni1
kb7ri8a    MonitorSSi-Italic                            moni2
kb7b8a     MonitorSSi-Bold                              moni3
kb7bi8a    MonitorSSi-BoldItalic                        moni4
kilr8a     MonologueSSi                                 mono1
kilrci8a   MonologueSSi-ItalicSmallCaps                 mono10
kilbc8a    MonologueSSi-BoldSmallCaps                   mono11
kilbci8a   MonologueSSi-BoldItalicSmallCaps             mono12
kilhc8a    MonologueSSi-BlackSmallCaps                  mono13
kilhci8a   MonologueSSi-BlackItalicSmallCaps            mono14
killc8a    MonologueSSi-LightSmallCaps                  mono15
killci8a   MonologueSSi-LightItalicSmallCaps            mono16
kilri8a    MonologueSSi-Italic                          mono2
kilb8a     MonologueSSi-Bold                            mono3
kilbi8a    MonologueSSi-BoldItalic                      mono4
kilh8a     MonologueSSi-Black                           mono5
kilhi8a    MonologueSSi-BlackItalic                     mono6
kill8a     MonologueSSi-Light                           mono7
killi8a    MonologueSSi-LightItalic                     mono8
kilrc8a    MonologueSSi-SmallCaps                       mono9
kburw      MotifScriptSSi                               motif
kfqr8a     MusterSSi                                    must1
kfqb8a     MusterSSiBold                                must2
kfsrw      NanoScriptSSi                                nano
kunro8a    NovaSSi-Italic                               nova2
kunb8a     NovaSSi-Bold                                 nova3
kunr8a     NovaSSi-Medium                               nova30
kunbo8a    NovaSSi-BoldItalic                           nova4
kunc8a     NovaSSi-ExtraBold                            nova5
kunco8a    NovaSSi-ExtraBoldItalic                      nova6
kunxo8a    NovaSSi-BlackItalic                          nova8
kunx8a     NovaSSi-ExtraBlack                           nova9
kunl8a     NovaSSi-Light                                nova10
kunlo8a    NovaSSi-LightItalic                          nova11
kunr8ac    NovaSSi-Condensed                            nova12
kunro8ac   NovaSSi-CondensedItalic                      nova13
kunb8ac    NovaSSi-BoldCondensed                        nova14
kunbo8ac   NovaSSi-BoldCondensedItalic                  nova15
kunl8ac    NovaSSi-LightCondensed                       nova16
kunlo8ac   NovaSSi-LightCondensedItalic                 nova17
kunr8ao    NovaSSi-UltraCondensed                       nova18
kuna8ao    NovaSSi-ThinUltraCondensed                   nova19
kunl8ao    NovaSSi-LightUltraCondensed                  nova20
kunr8ax    NovaSSi-Expanded                             nova21
kunro8ax   NovaSSi-ExpandedItalic                       nova22
kunb8ax    NovaSSi-BoldExpanded                         nova23
kunbo8ax   NovaSSi-BoldExpandedItalic                   nova24
kunco8ax   NovaSSi-ExtraBoldExpandedItalic              nova26
kunc8ax    NovaSSi-BlackExpanded                        nova27
kunxo8ax   NovaSSi-BlackExpandedItalic                  nova28
kunx8ax    NovaSSi-ExtraBlackExpanded                   nova29
kvlr8a     NuanceSSi                                    nua1
kvlri8a    NuanceSSi-Italic                             nua2
kvlb8a     NuanceSSi-Bold                               nua3
kvlbi8a    NuanceSSi-BoldItalic                         nua4
kvlc8a     NuanceSSi-Black                              nua5
kvlci8a    NuanceSSi-BlackItalic                        nua6
kvll8a     NuanceSSi-Light                              nua7
kvlli8a    NuanceSSi-LightItalic                        nua8
koar       OCR1SSi                                      ocr1
kobr       OCR2SSi                                      ocr2
kccrw      OleScriptSSi                                 ole1
knar8a     OrchidSSi                                    orc1
knari8a    OrchidSSi-Italic                             orc2
knas8a     OrchidSSi-SemiBold                           orc3
knasi8a    OrchidSSi-SemiBoldItalic                     orc4
knab8a     OrchidSSiBold                                orc5
knabi8a    OrchidSSi-BoldItalic                         orc6
knac8a     OrchidSSi-Black                              orc7
knaci8a    OrchidSSi-BlackItalic                        orc8
kaur8a     PaletteSSi                                   pale1
kauri8a    PaletteSSi-Italic                            pale2
kaub8a     PaletteSSi-Bold                              pale3
kaubi8a    PaletteSSi-BoldItalic                        pale4
kauc8a     PaletteSSi-Black                             pale5
kauci8a    PaletteSSi-BlackItalic                       pale6
kesr8a     PalindromeSSi                                pali1
kesb8ax    PalindromeExpandedSSiBoldExpanded            pali10
kesro8a    PalindromeSSiItalic                          pali2
kesd8a     PalindromeSSi-SemiBold                       pali3
kesdo8a    PalindromeSSi-SemiBoldItalic                 pali4
kesb8a     PalindromeBlackSSiBold                       pali5
kesbo8a    PalindromeBlackSSiBoldItalic                 pali6
kesr8ac    PalindromeSSi-Condensed                      pali7
kesb8ac    PalindromeSSi-BoldCondensed                  pali8
kesr8ax    PalindromeSSi-Expanded                       pali9
kfrr8a     PalmaSSi                                     palm1
kfrri8a    PalmaSSi-Italic                              palm2
kfrb8a     PalmaSSi-Bold                                palm3
kfrbi8a    PalmaSSi-BoldItalic                          palm4
kfrc8a     PalmaSSi-Black                               palm5
kfrci8a    PalmaSSi-BlackItalic                         palm6
kfru8a     PalmaSSi-ExtraBlack                          palm7
kfrl8a     PalmaSSi-Light                               palm8
kfrli8a    PalmaSSi-LightItalic                         palm9
knzk8a     ParallaxSSi                                  para1
knzh8a     ParallaxSSi-Bold                             para2
ko7r8a     PartitionSSi                                 part1
ko7ri8a    PartitionSSi-Italic                          part2
ko7rc8a    PartitionSSi-SmallCaps                       part3
ko7ri7d    PartitionSSi-ItalicOldStyleFigures           part4
zkshalw    PenTweaksOneSSi                              pen1
zkshanw    PenTweaksTwoSSi                              pen2
zkshvow    PenTweaksThreeSSi                            pen3
kkbm8a     PerformaSSiMedium                            perf1
kkbh8a     PerformaSSiBold                              perf2
kkbk8a     PerformaBookSSiBook                          perf3
kkbd8a     PerformaBookSSiSemiBold                      perf4
kkbc8a     PerformaBlackSSiBlack                        perf5
kkbrl8a    PerformaSSi-Outline                          perf6
kuhk8a     PerspectiveSSi                               persp1
kuhki8a    PerspectiveSSi-Italic                        persp2
kuhb8a     PerspectiveSSi-Bold                          persp3
kuhbi8a    PerspectiveSSi-BoldItalic                    persp4
kuhh8a     PerspectiveSSi-Black                         persp5
kuhhi8a    PerspectiveSSi-BlackItalic                   persp6
kuhm8a     PerspectiveSSi-Medium                        persp7
kuhmi8a    PerspectiveSSi-MediumItalic                  persp8
kbsr8a     PersuasionSSi                                persua
kb7rw      PetticoatScriptSSi                           petti
kmqr8a     PlugSSi                                      plug
kkur8a     ProseScriptSSi                               pros1
kkub8a     ProseScriptSSiBold                           pros2
kmlr8a     ProtocolSSi                                  prot1
kmlri8a    ProtocolSSiItalic                            prot2
kmlb8a     ProtocolSSiBold                              prot3
kmlbi8a    ProtocolSSiBoldItalic                        prot4
kpi024     QuantaPiOneSSi                               qua1
kpi023     QuantaPiTwoSSi                               qua2
kpi020     QuantaPiThreeSSi                             qua3
kpi025     QuantaPiFourSSi                              qua4
kpi022     QuantaPiFiveSSi                              qua5
kpi021     QuantaPiSixSSi                               qua6
kshk8a     QueSSi                                       que1
kshro8a    QueSSi-Italic                                que2
kshb8a     QueSSi-Bold                                  que3
kshx8a     QueSSi-ExtraBold                             que4
kksm8a     QuillScriptSSi                               quil1
kksb8a     QuillScriptSSi-Bold                          quil2
kksc8a     QuillScriptSSi-Black                         quil3
kwdk8a     QuintessenceSSi                              quin1
kwdki8a    QuintessenceSSi-Italic                       quin2
kwdb8a     QuintessenceSSi-Bold                         quin3
kwdbi8a    QuintessenceSSi-BoldItalic                   quin4
kwdc8a     QuintessenceSSi-Black                        quin5
kwdci8a    QuintessenceSSi-BlackItalic                  quin6
kwdm8a     QuintessenceSSi-Medium                       quin7
kwdmi8a    QuintessenceSSi-MediumItalic                 quin8
ksor       QuintetSSi                                   quint
ktor8a     RecitalSSi                                   recit1
ktori8a    RecitalSSi-Italic                            recit2
ktob8a     RecitalSSi-Bold                              recit3
ktobi8a    RecitalSSi-BoldItalic                        recit4
krar8a     RecognitaSSi                                 reco1
krab8a     RecognitaSSi-Bold                            reco2
krad8a     RecognitaSSi-SemiBold                        reco3
kram8a     RecognitaSSi-Book                            reco4
km6r8a     ReductoSSi                                   redu1
kzgb8ac    ReductoSSi-Bold                              redu2
kzgl8a     ReductoSSi-Light                             redu3
kehr8a     ReductoSSi-Condensed                         redu4
klfr8a     ResourceSSi                                  res1
klfri8a    ResourceSSi-Italic                           res2
klfb8a     ResourceSSi-Bold                             res3
ksor3      SaxNViolinsSSi                               sax1
ksol4      SaxNViolinsSSi-Light                         sax2
korr8a     ScribeSSi-SmallCaps                          scri1
korro8a    ScribeSSi-ItalicSmallCaps                    scri2
ks9ri8a    ScriptoriaSSi                                scrip3
ks9ri8x    ScriptoriaProSSi                             scrip7
kldrw      SemiaScriptSSi                               semia
kcgr8a     SenatusSSi                                   senat1
kcgb8a     SenatusSSi-Bold                              senat2
kbir8a     SentinalSSi                                  sentin
kumr8a     ShadowSSi                                    shadow
krqr8a     ShoestringSSi                                shoe1
krqro8a    ShoestringSSi-Italic                         shoe2
kicr8a     ShortHaulSSi                                 short
kp0r8a     SlotSSiBlack                                 slot
kptr8a     SnippetScriptSSi                             snip1
ktfr8a     SophisticateSSi                              soph1
ktfri8a    SophisticateSSiItalic                        soph2
ktfd8a     SophisticateSSiSemiBold                      soph3
ktfdi8a    SophisticateSSiSemiBoldItalic                soph4
ktfh8a     SophisticateBlackSSiExtraBold                soph7
ktfhi8a    SophisticateBlackSSiExtraBoldItalic          soph8
khcr8a     SpartaSSi                                    sparta
kerk8a     SpeedoSSi                                    spe1
kerd8a     SpeedoSSiSemiBold                            spe2
kerb8a     SpeedoBlackSSiBold                           spe3
keru8a     SpeedoUltraSSiBlack                          spe5
kerm8a     SpeedoBookSSiMedium                          spe7
kerl8a     SpeedoSSi-Light                              spe9
krprw      SpiffyScriptSSi                              spiffy
karr8a     SpitbolSSi                                   spit1
karra8a    SpitbolAlternateSSi                          spit2
kqrk8a     StackSSi                                     sta1
kqrb8a     StackSSiBold                                 sta2
kqrl8a     StackSSi-Light                               sta3
kqrm8a     StackLightSSiMedium                          sta4
kqrc8a     StackBlackSSiBlack                           sta5
koyr8a     SterlingSSi                                  ster1
koyri8a    SterlingSSi-Italic                           ster2
koyb8a     SterlingSSi-Bold                             ster3
koybi8a    SterlingSSi-BoldItalic                       ster4
kpnr8a     TerminusSSi                                  ter1
kpnri8a    TerminusSSi-Italic                           ter2
kpns8a     TerminusSSi-SemiBold                         ter3
kpnsi8a    TerminusSSi-SemiBoldItalic                   ter4
kpnb8a     TerminusSSi-Bold                             ter5
kpnbi8a    TerminusSSi-BoldItalic                       ter6
kpnl8a     TerminusSSi-Light                            ter7
kpnli8a    TerminusSSi-LightItalic                      ter8
kpnb8ac    TerminusSSi-BoldCondensed                    ter9
kcor8a     ThesisSSi                                    thes1
kcori8a    ThesisSSi-Italic                             thes2
kcob8a     ThesisSSi-Bold                               thes3
kcobi8a    ThesisSSi-BoldItalic                         thes4
ksnk8a     ThinxSSi                                     thin1
ksnh8a     ThinxSSi-Bold                                thin2
kgjr8a     TiascoSSi                                    tia1
kgjri8a    TiascoSSi-Italic                             tia2
kgjb8a     TiascoSSi-Bold                               tia3
kgjrc8a    TiascoSSi-SmallCaps                          tia4
kgjri7d    TiascoSSi-ItalicOldStyleFigures              tia5
kgjb7d     TiascoSSi-BoldOldStyleFigures                tia6
klbk8a     TorrentGraphicSSi                            tor1
klbko8a    TorrentGraphicSSiItalic                      tor2
klbd8a     TorrentGraphicSSiSemiBold                    tor3
klbdo8a    TorrentGraphicSSiSemiBoldItalic              tor4
kpsr8a     ToucheSSi                                    touche
kb7rn      TourinaSSi                                   tour
kagk8a     TrendexSSi                                   tren1
kagmo8a    TrendexSSi-MediumItalic                      tren10
kagk8ac    TrendexSSi-Condensed                         tren11
kagb8ac    TrendexSSi-BoldCondensed                     tren12
kagm8ac    TrendexSSi-MediumCondensed                   tren13
kagko8a    TrendexSSi-Italic                            tren2
kagd8a     TrendexSSi-SemiBold                          tren3
kagdo8a    TrendexSSi-SemiBoldItalic                    tren4
kagb8a     TrendexSSi-Bold                              tren5
kagbo8a    TrendexSSi-BoldItalic                        tren6
kagi8a     TrendexSSi-ExtraLight                        tren7
kagio8a    TrendexSSi-ExtraLightItalic                  tren8
kagm8a     TrendexSSi-Medium                            tren9
knvk8a     TridentSSi                                   tri1
knvki8a    TridentSSiItalic                             tri2
knvb8a     TridentSSiBold                               tri3
knvbi8a    TridentSSiBoldItalic                         tri4
knvm8a     TridentMediumSSiMedium                       tri5
knvmi8a    TridentMediumSSiMediumItalic                 tri6
knvu8a     TridentBlackSSiBlack                         tri7
kpor8a     TumbleweedSSi                                tumbl
kndr8a     TycoonSSi                                    tyc1
kndri7d    TycoonSSi-ItalicOldStyleFigures              tyc10
kndbi7d    TycoonSSiBoldItalicOldStyleFigures           tyc12
kndri8a    TycoonSSi-Italic                             tyc2
knds8a     TycoonSSi-SemiBold                           tyc3
kndsi8a    TycoonSSi-SemiBoldItalic                     tyc4
kndb8a     TycoonSSi-Bold                               tyc5
kndbi8a    TycoonSSi-BoldItalic                         tyc6
kndc8a     TycoonSSi-Black                              tyc7
kndci8a    TycoonSSi-BlackItalic                        tyc8
kndrc8a    TycoonSSi-SmallCaps                          tyc9
ksgr8a     UbiqGothicSSi                                ubiq1
ksgb8a     UbiqGothicSSiBold                            ubiq2
ksgx8a     UbiqGothicBlackSSiExtraBold                  ubiq3
ksgc8a     UbiqGothicBlackSSiBlack                      ubiq4
ksgh8a     UbiqGothicSSi-UltraBlack                     ubiq5
ksgl8a     UbiqGothicSSi-Light                          ubiq6
knurw      UnicornScriptSSi                             unic
kpar8a     UpscaleScriptSSi                             upsca
kvrb8a     VAGRoundedBlackSSiBold                       vag1
kvrc8a     VAGRoundedBlackSSiBlack                      vag2
kvra8a     VAGRoundedLightSSiThin                       vag3
kvrl8a     VAGRoundedLightSSiLight                      vag4
kutr8a     VeracitySSi                                  vera1
kutri8a    VeracitySSi-Italic                           vera2
kuts8a     VeracitySSi-SemiBold                         vera3
kutsi8a    VeracitySSi-SemiBoldItalic                   vera4
kutb8a     VeracitySSi-Bold                             vera5
kutbi8a    VeracitySSi-BoldItalic                       vera6
kutc8a     VeracitySSi-Black                            vera7
kutrp      VeracityOrnamentsSSi                         vera8
kutrd8a    VeracityTitlingCapsSSi                       vera9
kutr8x     VeracityProSSi                               vera10
kutri8x    VeracityProSSi-Italic                        vera11
kuts8x     VeracityProSSi-SemiBold                      vera12
kutsi8x    VeracityProSSi-SemiBoldItalic                vera13
kutb8x     VeracityProSSi-Bold                          vera14
kutbi8x    VeracityProSSi-BoldItalic                    vera15
kutc8x     VeracityProSSi-Black                         vera16
kvjk8a     VoraceSSi                                    vor1
kvjki8a    VoraceSSi-Italic                             vor2
kvjb8a     VoraceSSi-Bold                               vor3
kvjbi8a    VoraceSSi-BoldItalic                         vor4
kvjc8a     VoraceSSi-Black                              vor5
kvjci8a    VoraceSSi-BlackItalic                        vor6
kvjm8a     VoraceSSi-Medium                             vor7
kvjmi8a    VoraceSSi-MediumItalic                       vor8
kmsr8a     WaifSSi                                      waif
kwbr8a     WalbaumSSi                                   walb1
kwbri8a    WalbaumSSi-Italic                            walb2
kwbb8a     WalbaumSSi-Bold                              walb3
kwbbi8a    WalbaumSSi-BoldItalic                        walb4
kwbrc8a    WalbaumSSi-SmallCaps                         walb5
kwbri7d    WalbaumSSi-ItalicOldStyleFigures             walb6
kwbb7d     WalbaumSSi-BoldOldStyleFigures               walb7
kwbbi7d    WalbaumSSi-BoldItalicOldStyleFigures         walb8
kb0r8a     WantedPosterSSiBlack                         wanted
kpi026     WoodcutOrnamentsOneSSi                       wood1
kpi027     WoodcutOrnamentsTwoSSi                       wood2
zkilrd1    IlluminatiOneSSiDisplayCaps                  illumin1
zkilrd2    IlluminatiTwoSSiDisplayCaps                  illumin2
