cmbxsl10 cmbxsl10 <cmbxsl10.pfb
cmbxti10 cmbxti10 <cmbxti10.pfb
cmbx10 cmbx10 <cmbx10.pfb
cmbx12 cmbx12 <cmbx12.pfb
cmbx5 cmbx5 <cmbx5.pfb
cmbx6 cmbx6 <cmbx6.pfb
cmbx7 cmbx7 <cmbx7.pfb
cmbx8 cmbx8 <cmbx8.pfb
cmbx9 cmbx9 <cmbx9.pfb
cmb10 cmb10 <cmb10.pfb
cmdunh10 cmdunh10 <cmdunh10.pfb
cmff10 cmff10 <cmff10.pfb
cmfib8 cmfib8 <cmfib8.pfb
cmfi10 cmfi10 <cmfi10.pfb
cmr10 cmr10 <cmr10.pfb
cmr12 cmr12 <cmr12.pfb
cmr17 cmr17 <cmr17.pfb
cmr6 cmr6 <cmr6.pfb
cmr7 cmr7 <cmr7.pfb
cmr8 cmr8 <cmr8.pfb
cmr9 cmr9 <cmr9.pfb
cmsl10 cmsl10 <cmsl10.pfb
cmsl12 cmsl12 <cmsl12.pfb
cmsl8 cmsl8 <cmsl8.pfb
cmsl9 cmsl9 <cmsl9.pfb
cmssbx10 cmssbx10 <cmssbx10.pfb
cmssdc10 cmssdc10 <cmssdc10.pfb
cmssi10 cmssi10 <cmssi10.pfb
cmssi12 cmssi12 <cmssi12.pfb
cmssi17 cmssi17 <cmssi17.pfb
cmssi8 cmssi8 <cmssi8.pfb
cmssi9 cmssi9 <cmssi9.pfb
cmssqi8 cmssqi8 <cmssqi8.pfb
cmssq8 cmssq8 <cmssq8.pfb
cmss10 cmss10 <cmss10.pfb
cmss12 cmss12 <cmss12.pfb
cmss17 cmss17 <cmss17.pfb
cmss8 cmss8 <cmss8.pfb
cmss9 cmss9 <cmss9.pfb
cmti10 cmti10 <cmti10.pfb
cmti12 cmti12 <cmti12.pfb
cmti7 cmti7 <cmti7.pfb
cmti8 cmti8 <cmti8.pfb
cmti9 cmti9 <cmti9.pfb
cmu10 cmu10 <cmu10.pfb
cmvtt10 cmvtt10 <cmvtt10.pfb
cmcsc10 cmcsc10 <cmcsc10.pfb
cmcsc8 cmcsc8 <cmcsc8.pfb
cmcsc9 cmcsc9 <cmcsc9.pfb
cmr5 cmr5 <cmr5.pfb
cmtex10 cmtex10 <cmtex10.pfb
cmtex8 cmtex8 <cmtex8.pfb
cmtex9 cmtex9 <cmtex9.pfb
cmitt10 cmitt10 <cmitt10.pfb
cmsltt10 cmsltt10 <cmsltt10.pfb
cmtcsc10 cmtcsc10 <cmtcsc10.pfb
cmtt10 cmtt10 <cmtt10.pfb
cmtt12 cmtt12 <cmtt12.pfb
cmtt8 cmtt8 <cmtt8.pfb
cmtt9 cmtt9 <cmtt9.pfb
cmex10 cmex10 <cmex10.pfb
cmbsy10 cmbsy10 <cmbsy10.pfb
cmsy10 cmsy10 <cmsy10.pfb
cmsy5 cmsy5 <cmsy5.pfb
cmsy6 cmsy6 <cmsy6.pfb
cmsy7 cmsy7 <cmsy7.pfb
cmsy8 cmsy8 <cmsy8.pfb
cmsy9 cmsy9 <cmsy9.pfb
cmmib10 cmmib10 <cmmib10.pfb
cmmi10 cmmi10 <cmmi10.pfb
cmmi12 cmmi12 <cmmi12.pfb
cmmi5 cmmi5 <cmmi5.pfb
cmmi6 cmmi6 <cmmi6.pfb
cmmi7 cmmi7 <cmmi7.pfb
cmmi8 cmmi8 <cmmi8.pfb
cmmi9 cmmi9 <cmmi9.pfb
cminch cminch <cminch.pfb
